--------------------------------------------------------------------------------
Release 14.7 Trace  (lin64)
Copyright (c) 1995-2013 Xilinx, Inc.  All rights reserved.

/opt/Xilinx/14.7/ISE_DS/ISE/bin/lin64/unwrapped/trce -intstyle ise -v 3 -s 4 -n
3 -fastpaths -xml Memory_module.twx Memory_module.ncd -o Memory_module.twr
Memory_module.pcf

Design file:              Memory_module.ncd
Physical constraint file: Memory_module.pcf
Device,package,speed:     xc3s100e,cp132,-4 (PRODUCTION 1.27 2013-10-13)
Report level:             verbose report

Environment Variable      Effect 
--------------------      ------ 
NONE                      No environment variables were set
--------------------------------------------------------------------------------

INFO:Timing:2698 - No timing constraints found, doing default enumeration.
INFO:Timing:3412 - To improve timing, see the Timing Closure User Guide (UG612).
INFO:Timing:2752 - To get complete path coverage, use the unconstrained paths 
   option. All paths that are not constrained will be reported in the 
   unconstrained paths section(s) of the report.
INFO:Timing:3339 - The clock-to-out numbers in this timing report are based on 
   a 50 Ohm transmission line loading model.  For the details of this model, 
   and for more information on accounting for different loading conditions, 
   please see the device datasheet.
INFO:Timing:3390 - This architecture does not support a default System Jitter 
   value, please add SYSTEM_JITTER constraint to the UCF to modify the Clock 
   Uncertainty calculation.
INFO:Timing:3389 - This architecture does not support 'Discrete Jitter' and 
   'Phase Error' calculations, these terms will be zero in the Clock 
   Uncertainty calculation.  Please make appropriate modification to 
   SYSTEM_JITTER to account for the unsupported Discrete Jitter and Phase 
   Error.



Data Sheet report:
-----------------
All values displayed in nanoseconds (ns)

Setup/Hold to clock clk
------------+------------+------------+------------------+--------+
            |Max Setup to|Max Hold to |                  | Clock  |
Source      | clk (edge) | clk (edge) |Internal Clock(s) | Phase  |
------------+------------+------------+------------------+--------+
WEn         |    4.838(R)|    0.199(R)|clk_BUFGP         |   0.000|
addr0       |    6.158(R)|    1.153(R)|clk_BUFGP         |   0.000|
addr1       |    4.817(R)|    1.235(R)|clk_BUFGP         |   0.000|
addr2       |    7.433(R)|    1.294(R)|clk_BUFGP         |   0.000|
addr3       |    5.398(R)|    1.288(R)|clk_BUFGP         |   0.000|
addr4       |    3.399(R)|    1.182(R)|clk_BUFGP         |   0.000|
addr5       |    6.870(R)|   -1.340(R)|clk_BUFGP         |   0.000|
addr6       |    6.256(R)|   -0.575(R)|clk_BUFGP         |   0.000|
addr7       |    6.038(R)|   -0.607(R)|clk_BUFGP         |   0.000|
data<0>     |    0.445(R)|    1.563(R)|clk_BUFGP         |   0.000|
data<1>     |    1.067(R)|    1.115(R)|clk_BUFGP         |   0.000|
data<2>     |    2.909(R)|   -0.034(R)|clk_BUFGP         |   0.000|
data<3>     |    1.026(R)|    1.328(R)|clk_BUFGP         |   0.000|
data<4>     |    3.508(R)|   -0.314(R)|clk_BUFGP         |   0.000|
data<5>     |    1.466(R)|    1.045(R)|clk_BUFGP         |   0.000|
data<6>     |    2.013(R)|    0.419(R)|clk_BUFGP         |   0.000|
data<7>     |    1.722(R)|    0.794(R)|clk_BUFGP         |   0.000|
data<8>     |    1.278(R)|    1.175(R)|clk_BUFGP         |   0.000|
data<9>     |    1.153(R)|    1.088(R)|clk_BUFGP         |   0.000|
data<10>    |    1.046(R)|    0.924(R)|clk_BUFGP         |   0.000|
data<11>    |    0.935(R)|    1.062(R)|clk_BUFGP         |   0.000|
data<12>    |    1.065(R)|    1.138(R)|clk_BUFGP         |   0.000|
data<13>    |    1.309(R)|    0.852(R)|clk_BUFGP         |   0.000|
data<14>    |    1.141(R)|    1.104(R)|clk_BUFGP         |   0.000|
data<15>    |    0.252(R)|    1.550(R)|clk_BUFGP         |   0.000|
------------+------------+------------+------------------+--------+

Clock clk to Pad
------------+------------+------------------+--------+
            | clk (edge) |                  | Clock  |
Destination |   to PAD   |Internal Clock(s) | Phase  |
------------+------------+------------------+--------+
qout<0>     |   11.703(R)|clk_BUFGP         |   0.000|
qout<1>     |   11.595(R)|clk_BUFGP         |   0.000|
qout<2>     |   11.071(R)|clk_BUFGP         |   0.000|
qout<3>     |   12.711(R)|clk_BUFGP         |   0.000|
qout<4>     |   11.609(R)|clk_BUFGP         |   0.000|
qout<5>     |   11.270(R)|clk_BUFGP         |   0.000|
qout<6>     |   12.365(R)|clk_BUFGP         |   0.000|
qout<7>     |   12.139(R)|clk_BUFGP         |   0.000|
qout<8>     |   12.440(R)|clk_BUFGP         |   0.000|
qout<9>     |   10.900(R)|clk_BUFGP         |   0.000|
qout<10>    |   10.930(R)|clk_BUFGP         |   0.000|
qout<11>    |   11.469(R)|clk_BUFGP         |   0.000|
qout<12>    |   10.652(R)|clk_BUFGP         |   0.000|
qout<13>    |   10.908(R)|clk_BUFGP         |   0.000|
qout<14>    |   11.187(R)|clk_BUFGP         |   0.000|
qout<15>    |   11.235(R)|clk_BUFGP         |   0.000|
------------+------------+------------------+--------+

Pad to Pad
---------------+---------------+---------+
Source Pad     |Destination Pad|  Delay  |
---------------+---------------+---------+
addr0          |qout<0>        |   14.450|
addr0          |qout<1>        |   12.987|
addr0          |qout<2>        |   13.466|
addr0          |qout<3>        |   15.485|
addr0          |qout<4>        |   14.961|
addr0          |qout<5>        |   14.813|
addr0          |qout<6>        |   15.141|
addr0          |qout<7>        |   14.739|
addr0          |qout<8>        |   14.845|
addr0          |qout<9>        |    9.650|
addr0          |qout<10>       |    9.916|
addr0          |qout<11>       |   11.616|
addr0          |qout<12>       |   10.516|
addr0          |qout<13>       |   10.404|
addr0          |qout<14>       |   11.087|
addr0          |qout<15>       |   10.540|
addr1          |qout<0>        |   13.882|
addr1          |qout<1>        |   12.793|
addr1          |qout<2>        |   13.248|
addr1          |qout<3>        |   14.130|
addr1          |qout<4>        |   14.133|
addr1          |qout<5>        |   13.616|
addr1          |qout<6>        |   13.926|
addr1          |qout<7>        |   13.285|
addr1          |qout<8>        |   13.478|
addr1          |qout<9>        |    9.945|
addr1          |qout<10>       |   10.066|
addr1          |qout<11>       |   10.421|
addr1          |qout<12>       |   10.179|
addr1          |qout<13>       |   10.545|
addr1          |qout<14>       |   10.791|
addr1          |qout<15>       |   10.730|
addr2          |qout<0>        |   16.553|
addr2          |qout<1>        |   14.944|
addr2          |qout<2>        |   14.051|
addr2          |qout<3>        |   16.523|
addr2          |qout<4>        |   13.519|
addr2          |qout<5>        |   14.432|
addr2          |qout<6>        |   15.005|
addr2          |qout<7>        |   14.622|
addr2          |qout<8>        |   15.059|
addr2          |qout<9>        |    9.530|
addr2          |qout<10>       |    9.805|
addr2          |qout<11>       |   11.018|
addr2          |qout<12>       |   10.146|
addr2          |qout<13>       |   10.620|
addr2          |qout<14>       |   10.043|
addr2          |qout<15>       |   10.419|
addr3          |qout<0>        |   13.985|
addr3          |qout<1>        |   12.579|
addr3          |qout<2>        |   11.575|
addr3          |qout<3>        |   14.473|
addr3          |qout<4>        |   13.665|
addr3          |qout<5>        |   14.088|
addr3          |qout<6>        |   14.610|
addr3          |qout<7>        |   14.144|
addr3          |qout<8>        |   14.664|
addr3          |qout<9>        |    9.522|
addr3          |qout<10>       |    9.474|
addr3          |qout<11>       |   11.116|
addr3          |qout<12>       |   11.313|
addr3          |qout<13>       |   11.353|
addr3          |qout<14>       |   11.915|
addr3          |qout<15>       |   11.128|
addr4          |qout<0>        |   11.068|
addr4          |qout<1>        |   12.106|
addr4          |qout<2>        |   11.416|
addr4          |qout<3>        |   11.809|
addr4          |qout<4>        |   11.322|
addr4          |qout<5>        |   10.736|
addr4          |qout<6>        |   11.826|
addr4          |qout<7>        |   12.013|
addr4          |qout<8>        |   10.464|
addr4          |qout<9>        |    9.496|
addr4          |qout<10>       |    9.409|
addr4          |qout<11>       |   10.691|
addr4          |qout<12>       |   10.188|
addr4          |qout<13>       |    9.888|
addr4          |qout<14>       |   10.210|
addr4          |qout<15>       |   10.125|
addr5          |qout<0>        |    9.199|
addr5          |qout<1>        |   10.266|
addr5          |qout<2>        |   10.502|
addr5          |qout<3>        |    9.062|
addr5          |qout<4>        |    9.817|
addr5          |qout<5>        |    9.636|
addr5          |qout<6>        |   10.311|
addr5          |qout<7>        |    9.951|
addr5          |qout<8>        |    7.930|
addr5          |qout<9>        |    7.305|
addr5          |qout<10>       |    7.590|
addr5          |qout<11>       |    8.998|
addr5          |qout<12>       |    7.485|
addr5          |qout<13>       |    8.435|
addr5          |qout<14>       |    8.267|
addr5          |qout<15>       |    8.221|
addr6          |qout<0>        |    8.809|
addr6          |qout<1>        |    9.681|
addr6          |qout<2>        |    9.914|
addr6          |qout<3>        |    8.896|
addr6          |qout<4>        |    9.365|
addr6          |qout<5>        |    8.980|
addr6          |qout<6>        |   10.225|
addr6          |qout<7>        |    9.565|
addr6          |qout<8>        |    7.596|
addr6          |qout<9>        |    7.454|
addr6          |qout<10>       |    7.888|
addr6          |qout<11>       |    8.592|
addr6          |qout<12>       |    8.292|
addr6          |qout<13>       |    8.313|
addr6          |qout<14>       |    8.004|
addr6          |qout<15>       |    8.789|
addr7          |qout<0>        |    8.829|
addr7          |qout<1>        |    8.671|
addr7          |qout<2>        |    9.429|
addr7          |qout<3>        |    9.074|
addr7          |qout<4>        |    8.709|
addr7          |qout<5>        |    7.868|
addr7          |qout<6>        |    9.983|
addr7          |qout<7>        |    9.644|
addr7          |qout<8>        |    7.306|
addr7          |qout<9>        |    6.900|
addr7          |qout<10>       |    6.979|
addr7          |qout<11>       |    8.703|
addr7          |qout<12>       |    8.726|
addr7          |qout<13>       |    8.721|
addr7          |qout<14>       |    8.970|
addr7          |qout<15>       |    7.459|
---------------+---------------+---------+


Analysis completed Mon Nov 20 08:57:34 2023 
--------------------------------------------------------------------------------

Trace Settings:
-------------------------
Trace Settings 

Peak Memory Usage: 338 MB



