Release 14.7 - xst P.20131013 (lin64)
Copyright (c) 1995-2013 Xilinx, Inc.  All rights reserved.
--> 
Parameter TMPDIR set to xst/projnav.tmp


Total REAL time to Xst completion: 0.00 secs
Total CPU time to Xst completion: 0.01 secs
 
--> 
Parameter xsthdpdir set to xst


Total REAL time to Xst completion: 0.00 secs
Total CPU time to Xst completion: 0.01 secs
 
--> 
Reading design: main_decoder.prj

TABLE OF CONTENTS
  1) Synthesis Options Summary
  2) HDL Compilation
  3) Design Hierarchy Analysis
  4) HDL Analysis
  5) HDL Synthesis
     5.1) HDL Synthesis Report
  6) Advanced HDL Synthesis
     6.1) Advanced HDL Synthesis Report
  7) Low Level Synthesis
  8) Partition Report
  9) Final Report
	9.1) Device utilization summary
	9.2) Partition Resource Summary
	9.3) TIMING REPORT


=========================================================================
*                      Synthesis Options Summary                        *
=========================================================================
---- Source Parameters
Input File Name                    : "main_decoder.prj"
Input Format                       : mixed
Ignore Synthesis Constraint File   : NO

---- Target Parameters
Output File Name                   : "main_decoder"
Output Format                      : NGC
Target Device                      : xc3s100e-4-cp132

---- Source Options
Top Module Name                    : main_decoder
Automatic FSM Extraction           : YES
FSM Encoding Algorithm             : Auto
Safe Implementation                : No
FSM Style                          : LUT
RAM Extraction                     : Yes
RAM Style                          : Auto
ROM Extraction                     : Yes
Mux Style                          : Auto
Decoder Extraction                 : YES
Priority Encoder Extraction        : Yes
Shift Register Extraction          : YES
Logical Shifter Extraction         : YES
XOR Collapsing                     : YES
ROM Style                          : Auto
Mux Extraction                     : Yes
Resource Sharing                   : YES
Asynchronous To Synchronous        : NO
Multiplier Style                   : Auto
Automatic Register Balancing       : No

---- Target Options
Add IO Buffers                     : YES
Global Maximum Fanout              : 100000
Add Generic Clock Buffer(BUFG)     : 24
Register Duplication               : YES
Slice Packing                      : YES
Optimize Instantiated Primitives   : NO
Use Clock Enable                   : Yes
Use Synchronous Set                : Yes
Use Synchronous Reset              : Yes
Pack IO Registers into IOBs        : Auto
Equivalent register Removal        : YES

---- General Options
Optimization Goal                  : Speed
Optimization Effort                : 1
Keep Hierarchy                     : No
Netlist Hierarchy                  : As_Optimized
RTL Output                         : Yes
Global Optimization                : AllClockNets
Read Cores                         : YES
Write Timing Constraints           : NO
Cross Clock Analysis               : NO
Hierarchy Separator                : /
Bus Delimiter                      : <>
Case Specifier                     : Maintain
Slice Utilization Ratio            : 100
BRAM Utilization Ratio             : 100
Verilog 2001                       : YES
Auto BRAM Packing                  : NO
Slice Utilization Ratio Delta      : 5

=========================================================================


=========================================================================
*                          HDL Compilation                              *
=========================================================================
Compiling vhdl file "/home/ise/NTUST_FPGA/instruction_decoder/main_decoder.vhf" in Library work.
Entity <or9_mxilinx_main_decoder> compiled.
Entity <or9_mxilinx_main_decoder> (Architecture <behavioral>) compiled.
Entity <main_decoder> compiled.
Entity <main_decoder> (Architecture <behavioral>) compiled.

=========================================================================
*                     Design Hierarchy Analysis                         *
=========================================================================
Analyzing hierarchy for entity <main_decoder> in library <work> (architecture <behavioral>).

Analyzing hierarchy for entity <OR9_MXILINX_main_decoder> in library <work> (architecture <behavioral>).


=========================================================================
*                            HDL Analysis                               *
=========================================================================
Analyzing Entity <main_decoder> in library <work> (Architecture <behavioral>).
WARNING:Xst:2211 - "/home/ise/NTUST_FPGA/instruction_decoder/main_decoder.vhf" line 347: Instantiating black box module <AND5B1>.
    Set user-defined property "HU_SET =  XLXI_45_0" for instance <XLXI_45> in unit <main_decoder>.
WARNING:Xst:2211 - "/home/ise/NTUST_FPGA/instruction_decoder/main_decoder.vhf" line 420: Instantiating black box module <AND5B1>.
Entity <main_decoder> analyzed. Unit <main_decoder> generated.

Analyzing Entity <OR9_MXILINX_main_decoder> in library <work> (Architecture <behavioral>).
    Set user-defined property "RLOC =  X0Y0" for instance <I_36_120> in unit <OR9_MXILINX_main_decoder>.
    Set user-defined property "RLOC =  X0Y0" for instance <I_36_121> in unit <OR9_MXILINX_main_decoder>.
    Set user-defined property "RLOC =  X0Y1" for instance <I_36_122> in unit <OR9_MXILINX_main_decoder>.
Entity <OR9_MXILINX_main_decoder> analyzed. Unit <OR9_MXILINX_main_decoder> generated.


=========================================================================
*                           HDL Synthesis                               *
=========================================================================

Performing bidirectional port resolution...

Synthesizing Unit <OR9_MXILINX_main_decoder>.
    Related source file is "/home/ise/NTUST_FPGA/instruction_decoder/main_decoder.vhf".
WARNING:Xst:653 - Signal <dummy> is used but never assigned. This sourceless signal will be automatically connected to value 0.
Unit <OR9_MXILINX_main_decoder> synthesized.


Synthesizing Unit <main_decoder>.
    Related source file is "/home/ise/NTUST_FPGA/instruction_decoder/main_decoder.vhf".
WARNING:Xst:646 - Signal <XLXN_37> is assigned but never used. This unconnected signal will be trimmed during the optimization process.
WARNING:Xst:653 - Signal <XLXI_31_I1_openSignal> is used but never assigned. This sourceless signal will be automatically connected to value 0.
Unit <main_decoder> synthesized.


=========================================================================
HDL Synthesis Report

Found no macro
=========================================================================

=========================================================================
*                       Advanced HDL Synthesis                          *
=========================================================================


=========================================================================
Advanced HDL Synthesis Report

Found no macro
=========================================================================

=========================================================================
*                         Low Level Synthesis                           *
=========================================================================

Optimizing unit <main_decoder> ...

Optimizing unit <OR9_MXILINX_main_decoder> ...

Mapping all equations...
Building and optimizing final netlist ...
Found area constraint ratio of 100 (+ 5) on block main_decoder, actual ratio is 0.

Final Macro Processing ...

=========================================================================
Final Register Report

Found no macro
=========================================================================

=========================================================================
*                           Partition Report                            *
=========================================================================

Partition Implementation Status
-------------------------------

  No Partitions were found in this design.

-------------------------------

=========================================================================
*                            Final Report                               *
=========================================================================
Final Results
RTL Top Level Output File Name     : main_decoder.ngr
Top Level Output File Name         : main_decoder
Output Format                      : NGC
Optimization Goal                  : Speed
Keep Hierarchy                     : No

Design Statistics
# IOs                              : 20

Cell Usage :
# BELS                             : 34
#      AND5B1                      : 2
#      AND5B2                      : 3
#      AND5B3                      : 7
#      AND5B4                      : 4
#      AND5B5                      : 1
#      BUF                         : 3
#      GND                         : 2
#      OR2                         : 6
#      OR3                         : 2
#      OR4                         : 2
#      OR5                         : 2
# IO Buffers                       : 20
#      IBUF                        : 5
#      OBUF                        : 15
# Others                           : 3
#      FMAP                        : 3
=========================================================================

Device utilization summary:
---------------------------

Selected Device : 3s100ecp132-4 

 Number of Slices:                        0  out of    960     0%  
 Number of IOs:                          20
 Number of bonded IOBs:                  20  out of     83    24%  

---------------------------
Partition Resource Summary:
---------------------------

  No Partitions were found in this design.

---------------------------


=========================================================================
TIMING REPORT

NOTE: THESE TIMING NUMBERS ARE ONLY A SYNTHESIS ESTIMATE.
      FOR ACCURATE TIMING INFORMATION PLEASE REFER TO THE TRACE REPORT
      GENERATED AFTER PLACE-and-ROUTE.

Clock Information:
------------------
No clock signals found in this design

Asynchronous Control Signals Information:
----------------------------------------
No asynchronous control signals found in this design

Timing Summary:
---------------
Speed Grade: -4

   Minimum period: No path found
   Minimum input arrival time before clock: No path found
   Maximum output required time after clock: No path found
   Maximum combinational path delay: 10.204ns

Timing Detail:
--------------
All values displayed in nanoseconds (ns)

=========================================================================
Timing constraint: Default path analysis
  Total number of paths / destination ports: 195 / 15
-------------------------------------------------------------------------
Delay:               10.204ns (Levels of Logic = 7)
  Source:            Opcode<13> (PAD)
  Destination:       RegWrite (PAD)

  Data Path: Opcode<13> to RegWrite
                                Gate     Net
    Cell:in->out      fanout   Delay   Delay  Logical Name (Net Name)
    ----------------------------------------  ------------
     IBUF:I->O            17   1.218   1.051  Opcode_13_IBUF (Opcode_13_IBUF)
     AND5B3:I0->O          4   0.704   0.587  XLXI_28 (XLXN_128)
     OR2:I0->O             1   0.704   0.420  XLXI_44 (XLXN_86)
     begin scope: 'XLXI_45'
     OR4:I0->O             1   0.704   0.420  I_36_94 (S0)
     OR3:I0->O             1   0.704   0.420  I_36_110 (O_DUMMY)
     end scope: 'XLXI_45'
     OBUF:I->O                 3.272          RegWrite_OBUF (RegWrite)
    ----------------------------------------
    Total                     10.204ns (7.306ns logic, 2.898ns route)
                                       (71.6% logic, 28.4% route)

=========================================================================


Total REAL time to Xst completion: 3.00 secs
Total CPU time to Xst completion: 0.73 secs
 
--> 


Total memory usage is 620172 kilobytes

Number of errors   :    0 (   0 filtered)
Number of warnings :    5 (   0 filtered)
Number of infos    :    0 (   0 filtered)

