Release 14.7 - xst P.20131013 (lin64)
Copyright (c) 1995-2013 Xilinx, Inc.  All rights reserved.
--> 
Parameter TMPDIR set to xst/projnav.tmp


Total REAL time to Xst completion: 0.00 secs
Total CPU time to Xst completion: 0.00 secs
 
--> 
Parameter xsthdpdir set to xst


Total REAL time to Xst completion: 0.00 secs
Total CPU time to Xst completion: 0.00 secs
 
--> 
Reading design: register_file.prj

TABLE OF CONTENTS
  1) Synthesis Options Summary
  2) HDL Parsing
  3) HDL Elaboration
  4) HDL Synthesis
       4.1) HDL Synthesis Report
  5) Advanced HDL Synthesis
       5.1) Advanced HDL Synthesis Report
  6) Low Level Synthesis
  7) Partition Report
  8) Design Summary
       8.1) Primitive and Black Box Usage
       8.2) Device utilization summary
       8.3) Partition Resource Summary
       8.4) Timing Report
            8.4.1) Clock Information
            8.4.2) Asynchronous Control Signals Information
            8.4.3) Timing Summary
            8.4.4) Timing Details
            8.4.5) Cross Clock Domains Report


=========================================================================
*                      Synthesis Options Summary                        *
=========================================================================
---- Source Parameters
Input File Name                    : "register_file.prj"
Ignore Synthesis Constraint File   : NO

---- Target Parameters
Output File Name                   : "register_file"
Output Format                      : NGC
Target Device                      : xa7a100t-2I-csg324

---- Source Options
Top Module Name                    : register_file
Automatic FSM Extraction           : YES
FSM Encoding Algorithm             : Auto
Safe Implementation                : No
FSM Style                          : LUT
RAM Extraction                     : Yes
RAM Style                          : Auto
ROM Extraction                     : Yes
Shift Register Extraction          : YES
ROM Style                          : Auto
Resource Sharing                   : YES
Asynchronous To Synchronous        : NO
Shift Register Minimum Size        : 2
Use DSP Block                      : Auto
Automatic Register Balancing       : No

---- Target Options
LUT Combining                      : Auto
Reduce Control Sets                : Auto
Add IO Buffers                     : YES
Global Maximum Fanout              : 100000
Add Generic Clock Buffer(BUFG)     : 32
Register Duplication               : YES
Optimize Instantiated Primitives   : NO
Use Clock Enable                   : Auto
Use Synchronous Set                : Auto
Use Synchronous Reset              : Auto
Pack IO Registers into IOBs        : Auto
Equivalent register Removal        : YES

---- General Options
Optimization Goal                  : Speed
Optimization Effort                : 1
Power Reduction                    : NO
Keep Hierarchy                     : No
Netlist Hierarchy                  : As_Optimized
RTL Output                         : Yes
Global Optimization                : AllClockNets
Read Cores                         : YES
Write Timing Constraints           : NO
Cross Clock Analysis               : NO
Hierarchy Separator                : /
Bus Delimiter                      : <>
Case Specifier                     : Maintain
Slice Utilization Ratio            : 100
BRAM Utilization Ratio             : 100
DSP48 Utilization Ratio            : 100
Auto BRAM Packing                  : NO
Slice Utilization Ratio Delta      : 5

=========================================================================


=========================================================================
*                          HDL Parsing                                  *
=========================================================================
Analyzing Verilog file "/home/ise/NTUST_FPGA/RegisterFile/mux16bit821.v" into library work
Parsing module <mux16bit821>.
Analyzing Verilog file "/home/ise/NTUST_FPGA/RegisterFile/en_328decoder.v" into library work
Parsing module <en_328decoder>.
Analyzing Verilog file "/home/ise/NTUST_FPGA/RegisterFile/Dflipflop16bitclken.v" into library work
Parsing module <Dflipflop16bitclken>.
Analyzing Verilog file "/home/ise/NTUST_FPGA/RegisterFile/register_file.v" into library work
Parsing module <register_file>.

=========================================================================
*                            HDL Elaboration                            *
=========================================================================

Elaborating module <register_file>.

Elaborating module <en_328decoder>.

Elaborating module <Dflipflop16bitclken>.

Elaborating module <mux16bit821>.

=========================================================================
*                           HDL Synthesis                               *
=========================================================================

Synthesizing Unit <register_file>.
    Related source file is "/home/ise/NTUST_FPGA/RegisterFile/register_file.v".
    Summary:
	no macro.
Unit <register_file> synthesized.

Synthesizing Unit <en_328decoder>.
    Related source file is "/home/ise/NTUST_FPGA/RegisterFile/en_328decoder.v".
    Summary:
	inferred   8 Multiplexer(s).
Unit <en_328decoder> synthesized.

Synthesizing Unit <Dflipflop16bitclken>.
    Related source file is "/home/ise/NTUST_FPGA/RegisterFile/Dflipflop16bitclken.v".
    Found 16-bit register for signal <qout>.
    Summary:
	inferred  16 D-type flip-flop(s).
Unit <Dflipflop16bitclken> synthesized.

Synthesizing Unit <mux16bit821>.
    Related source file is "/home/ise/NTUST_FPGA/RegisterFile/mux16bit821.v".
    Found 16-bit 8-to-1 multiplexer for signal <Y> created at line 34.
    Summary:
	inferred   1 Multiplexer(s).
Unit <mux16bit821> synthesized.

=========================================================================
HDL Synthesis Report

Macro Statistics
# Registers                                            : 8
 16-bit register                                       : 8
# Multiplexers                                         : 10
 1-bit 2-to-1 multiplexer                              : 8
 16-bit 8-to-1 multiplexer                             : 2

=========================================================================

=========================================================================
*                       Advanced HDL Synthesis                          *
=========================================================================

WARNING:Xst - The specified part-type was not generated at build time. XST is loading the full part-type and will therefore consume more CPU and memory.
Loading device for application Rf_Device from file '7a100t.nph' in environment /opt/Xilinx/14.7/ISE_DS/ISE/.
Loading device for application Rf_Device from file '7a100t.nph' in environment /opt/Xilinx/14.7/ISE_DS/ISE/.

=========================================================================
Advanced HDL Synthesis Report

Macro Statistics
# Registers                                            : 128
 Flip-Flops                                            : 128
# Multiplexers                                         : 10
 1-bit 2-to-1 multiplexer                              : 8
 16-bit 8-to-1 multiplexer                             : 2

=========================================================================

=========================================================================
*                         Low Level Synthesis                           *
=========================================================================

Optimizing unit <register_file> ...

Mapping all equations...
Building and optimizing final netlist ...
Found area constraint ratio of 100 (+ 5) on block register_file, actual ratio is 0.

Final Macro Processing ...

=========================================================================
Final Register Report

Macro Statistics
# Registers                                            : 128
 Flip-Flops                                            : 128

=========================================================================

=========================================================================
*                           Partition Report                            *
=========================================================================

Partition Implementation Status
-------------------------------

  No Partitions were found in this design.

-------------------------------

=========================================================================
*                            Design Summary                             *
=========================================================================

Top Level Output File Name         : register_file.ngc

Primitive and Black Box Usage:
------------------------------
# BELS                             : 104
#      LUT4                        : 8
#      LUT6                        : 64
#      MUXF7                       : 32
# FlipFlops/Latches                : 128
#      FDR                         : 128
# Clock Buffers                    : 1
#      BUFGP                       : 1
# IO Buffers                       : 58
#      IBUF                        : 26
#      OBUF                        : 32

Device utilization summary:
---------------------------

Selected Device : xa7a100tcsg324-2i 


Slice Logic Utilization: 
 Number of Slice Registers:             128  out of  126800     0%  
 Number of Slice LUTs:                   72  out of  63400     0%  
    Number used as Logic:                72  out of  63400     0%  

Slice Logic Distribution: 
 Number of LUT Flip Flop pairs used:    164
   Number with an unused Flip Flop:      36  out of    164    21%  
   Number with an unused LUT:            92  out of    164    56%  
   Number of fully used LUT-FF pairs:    36  out of    164    21%  
   Number of unique control sets:         8

IO Utilization: 
 Number of IOs:                          59
 Number of bonded IOBs:                  59  out of    210    28%  

Specific Feature Utilization:
 Number of BUFG/BUFGCTRLs:                1  out of     32     3%  

---------------------------
Partition Resource Summary:
---------------------------

  No Partitions were found in this design.

---------------------------


=========================================================================
Timing Report

NOTE: THESE TIMING NUMBERS ARE ONLY A SYNTHESIS ESTIMATE.
      FOR ACCURATE TIMING INFORMATION PLEASE REFER TO THE TRACE REPORT
      GENERATED AFTER PLACE-and-ROUTE.

Clock Information:
------------------
-----------------------------------+------------------------+-------+
Clock Signal                       | Clock buffer(FF name)  | Load  |
-----------------------------------+------------------------+-------+
clk                                | BUFGP                  | 128   |
-----------------------------------+------------------------+-------+

Asynchronous Control Signals Information:
----------------------------------------
No asynchronous control signals found in this design

Timing Summary:
---------------
Speed Grade: -2

   Minimum period: No path found
   Minimum input arrival time before clock: 1.525ns
   Maximum output required time after clock: 1.697ns
   Maximum combinational path delay: 1.599ns

Timing Details:
---------------
All values displayed in nanoseconds (ns)

=========================================================================
Timing constraint: Default OFFSET IN BEFORE for Clock 'clk'
  Total number of paths / destination ports: 640 / 256
-------------------------------------------------------------------------
Offset:              1.525ns (Levels of Logic = 2)
  Source:            WR_addr<2> (PAD)
  Destination:       reg7/qout_15 (FF)
  Destination Clock: clk rising

  Data Path: WR_addr<2> to reg7/qout_15
                                Gate     Net
    Cell:in->out      fanout   Delay   Delay  Logical Name (Net Name)
    ----------------------------------------  ------------
     IBUF:I->O             8   0.001   0.655  WR_addr_2_IBUF (WR_addr_2_IBUF)
     LUT4:I0->O           16   0.097   0.422  decoder_inst/Mmux_R011 (reg_sel<0>)
     FDR:R                     0.349          reg0/qout_0
    ----------------------------------------
    Total                      1.525ns (0.447ns logic, 1.078ns route)
                                       (29.3% logic, 70.7% route)

=========================================================================
Timing constraint: Default OFFSET OUT AFTER for Clock 'clk'
  Total number of paths / destination ports: 256 / 32
-------------------------------------------------------------------------
Offset:              1.697ns (Levels of Logic = 3)
  Source:            reg6/qout_15 (FF)
  Destination:       RA_data<15> (PAD)
  Source Clock:      clk rising

  Data Path: reg6/qout_15 to RA_data<15>
                                Gate     Net
    Cell:in->out      fanout   Delay   Delay  Logical Name (Net Name)
    ----------------------------------------  ------------
     FDR:C->Q              2   0.361   0.621  reg6/qout_15 (reg6/qout_15)
     LUT6:I2->O            1   0.097   0.000  mux1_inst/Mmux_Y_36 (mux1_inst/Mmux_Y_36)
     MUXF7:I1->O           1   0.279   0.339  mux1_inst/Mmux_Y_2_f7_5 (RA_data_15_OBUF)
     OBUF:I->O                 0.000          RA_data_15_OBUF (RA_data<15>)
    ----------------------------------------
    Total                      1.697ns (0.737ns logic, 0.960ns route)
                                       (43.4% logic, 56.6% route)

=========================================================================
Timing constraint: Default path analysis
  Total number of paths / destination ports: 160 / 32
-------------------------------------------------------------------------
Delay:               1.599ns (Levels of Logic = 4)
  Source:            RA_addr<1> (PAD)
  Destination:       RA_data<15> (PAD)

  Data Path: RA_addr<1> to RA_data<15>
                                Gate     Net
    Cell:in->out      fanout   Delay   Delay  Logical Name (Net Name)
    ----------------------------------------  ------------
     IBUF:I->O            32   0.001   0.883  RA_addr_1_IBUF (RA_addr_1_IBUF)
     LUT6:I0->O            1   0.097   0.000  mux1_inst/Mmux_Y_3 (mux1_inst/Mmux_Y_3)
     MUXF7:I1->O           1   0.279   0.339  mux1_inst/Mmux_Y_2_f7 (RA_data_0_OBUF)
     OBUF:I->O                 0.000          RA_data_0_OBUF (RA_data<0>)
    ----------------------------------------
    Total                      1.599ns (0.377ns logic, 1.222ns route)
                                       (23.6% logic, 76.4% route)

=========================================================================

Cross Clock Domains Report:
--------------------------

=========================================================================


Total REAL time to Xst completion: 18.00 secs
Total CPU time to Xst completion: 5.03 secs
 
--> 


Total memory usage is 949188 kilobytes

Number of errors   :    0 (   0 filtered)
Number of warnings :    1 (   0 filtered)
Number of infos    :    0 (   0 filtered)

