V3 152
FL /home/ise/NTUST_FPGA/Memory_Module256x16/decoder_3t08.vhf 2023/10/20.08:08:53 P.20131013
EN work/decoder_3t08 1697862858 \
      FL /home/ise/NTUST_FPGA/Memory_Module256x16/decoder_3t08.vhf \
      PB ieee/std_logic_1164 1381692176 PB ieee/NUMERIC_STD 1381692181 LB UNISIM \
      PH unisim/VCOMPONENTS 1381692182
AR work/decoder_3t08/BEHAVIORAL 1697862859 \
      FL /home/ise/NTUST_FPGA/Memory_Module256x16/decoder_3t08.vhf \
      EN work/decoder_3t08 1697862858 CP AND4 CP INV
FL /home/ise/NTUST_FPGA/Memory_Module256x16/Mem256X16.vhf 2023/10/21.04:30:43 P.20131013
EN work/M2_1_MXILINX_Mem256X16 1697862840 \
      FL /home/ise/NTUST_FPGA/Memory_Module256x16/Mem256X16.vhf \
      PB ieee/std_logic_1164 1381692176 PB ieee/NUMERIC_STD 1381692181 LB UNISIM \
      PH unisim/VCOMPONENTS 1381692182
AR work/M2_1_MXILINX_Mem256X16/BEHAVIORAL 1697862841 \
      FL /home/ise/NTUST_FPGA/Memory_Module256x16/Mem256X16.vhf \
      EN work/M2_1_MXILINX_Mem256X16 1697862840 CP AND2B1 CP OR2 CP AND2
EN work/M2_1E_MXILINX_Mem256X16 1697862842 \
      FL /home/ise/NTUST_FPGA/Memory_Module256x16/Mem256X16.vhf \
      PB ieee/std_logic_1164 1381692176 PB ieee/NUMERIC_STD 1381692181 LB UNISIM \
      PH unisim/VCOMPONENTS 1381692182
AR work/M2_1E_MXILINX_Mem256X16/BEHAVIORAL 1697862843 \
      FL /home/ise/NTUST_FPGA/Memory_Module256x16/Mem256X16.vhf \
      EN work/M2_1E_MXILINX_Mem256X16 1697862842 CP AND3 CP AND3B1 CP OR2
EN work/M4_1E_MXILINX_Mem256X16 1697862844 \
      FL /home/ise/NTUST_FPGA/Memory_Module256x16/Mem256X16.vhf \
      PB ieee/std_logic_1164 1381692176 PB ieee/NUMERIC_STD 1381692181 LB UNISIM \
      PH unisim/VCOMPONENTS 1381692182
AR work/M4_1E_MXILINX_Mem256X16/BEHAVIORAL 1697862845 \
      FL /home/ise/NTUST_FPGA/Memory_Module256x16/Mem256X16.vhf \
      EN work/M4_1E_MXILINX_Mem256X16 1697862844 CP M2_1E_MXILINX_Mem256X16 \
      CP MUXF5
EN work/mux8to1_2_MUSER_Mem256X16 1697862846 \
      FL /home/ise/NTUST_FPGA/Memory_Module256x16/Mem256X16.vhf \
      PB ieee/std_logic_1164 1381692176 PB ieee/NUMERIC_STD 1381692181 LB UNISIM \
      PH unisim/VCOMPONENTS 1381692182
AR work/mux8to1_2_MUSER_Mem256X16/BEHAVIORAL 1697862847 \
      FL /home/ise/NTUST_FPGA/Memory_Module256x16/Mem256X16.vhf \
      EN work/mux8to1_2_MUSER_Mem256X16 1697862846 CP M4_1E_MXILINX_Mem256X16 \
      CP M2_1_MXILINX_Mem256X16
EN work/mux4bit8to1_MUSER_Mem256X16 1697862848 \
      FL /home/ise/NTUST_FPGA/Memory_Module256x16/Mem256X16.vhf \
      PB ieee/std_logic_1164 1381692176 PB ieee/NUMERIC_STD 1381692181 LB UNISIM \
      PH unisim/VCOMPONENTS 1381692182
AR work/mux4bit8to1_MUSER_Mem256X16/BEHAVIORAL 1697862849 \
      FL /home/ise/NTUST_FPGA/Memory_Module256x16/Mem256X16.vhf \
      EN work/mux4bit8to1_MUSER_Mem256X16 1697862848 CP mux8to1_2_MUSER_Mem256X16
EN work/mux4X4bit8to1_MUSER_Mem256X16 1697862850 \
      FL /home/ise/NTUST_FPGA/Memory_Module256x16/Mem256X16.vhf \
      PB ieee/std_logic_1164 1381692176 PB ieee/NUMERIC_STD 1381692181 LB UNISIM \
      PH unisim/VCOMPONENTS 1381692182
AR work/mux4X4bit8to1_MUSER_Mem256X16/BEHAVIORAL 1697862851 \
      FL /home/ise/NTUST_FPGA/Memory_Module256x16/Mem256X16.vhf \
      EN work/mux4X4bit8to1_MUSER_Mem256X16 1697862850 \
      CP mux4bit8to1_MUSER_Mem256X16
EN work/decoder_3t08_MUSER_Mem256X16 1697862852 \
      FL /home/ise/NTUST_FPGA/Memory_Module256x16/Mem256X16.vhf \
      PB ieee/std_logic_1164 1381692176 PB ieee/NUMERIC_STD 1381692181 LB UNISIM \
      PH unisim/VCOMPONENTS 1381692182
AR work/decoder_3t08_MUSER_Mem256X16/BEHAVIORAL 1697862853 \
      FL /home/ise/NTUST_FPGA/Memory_Module256x16/Mem256X16.vhf \
      EN work/decoder_3t08_MUSER_Mem256X16 1697862852 CP AND4 CP INV
EN work/RAM32X16S_MUSER_Mem256X16 1697862854 \
      FL /home/ise/NTUST_FPGA/Memory_Module256x16/Mem256X16.vhf \
      PB ieee/std_logic_1164 1381692176 PB ieee/NUMERIC_STD 1381692181 LB UNISIM \
      PH unisim/VCOMPONENTS 1381692182
AR work/RAM32X16S_MUSER_Mem256X16/BEHAVIORAL 1697862855 \
      FL /home/ise/NTUST_FPGA/Memory_Module256x16/Mem256X16.vhf \
      EN work/RAM32X16S_MUSER_Mem256X16 1697862854 CP RAM32X8S
EN work/Mem256X16 1697862856 \
      FL /home/ise/NTUST_FPGA/Memory_Module256x16/Mem256X16.vhf \
      PB ieee/std_logic_1164 1381692176 PB ieee/NUMERIC_STD 1381692181 LB UNISIM \
      PH unisim/VCOMPONENTS 1381692182
AR work/Mem256X16/BEHAVIORAL 1697862857 \
      FL /home/ise/NTUST_FPGA/Memory_Module256x16/Mem256X16.vhf EN work/Mem256X16 1697862856 \
      CP RAM32X16S_MUSER_Mem256X16 CP decoder_3t08_MUSER_Mem256X16 \
      CP mux4X4bit8to1_MUSER_Mem256X16
FL /home/ise/NTUST_FPGA/Memory_Module256x16/Memory_Module256x16.vhf 2023/10/21.04:20:48 P.20131013
EN work/M2_1_MXILINX_Memory_Module256X16 1697862892 \
      FL /home/ise/NTUST_FPGA/Memory_Module256x16/Memory_Module256x16.vhf \
      PB ieee/std_logic_1164 1381692176 PB ieee/NUMERIC_STD 1381692181 LB UNISIM \
      PH unisim/VCOMPONENTS 1381692182
AR work/M2_1_MXILINX_Memory_Module256X16/BEHAVIORAL 1697862893 \
      FL /home/ise/NTUST_FPGA/Memory_Module256x16/Memory_Module256x16.vhf \
      EN work/M2_1_MXILINX_Memory_Module256X16 1697862892 CP AND2B1 CP OR2 CP AND2
EN work/M2_1E_MXILINX_Memory_Module256X16 1697862894 \
      FL /home/ise/NTUST_FPGA/Memory_Module256x16/Memory_Module256x16.vhf \
      PB ieee/std_logic_1164 1381692176 PB ieee/NUMERIC_STD 1381692181 LB UNISIM \
      PH unisim/VCOMPONENTS 1381692182
AR work/M2_1E_MXILINX_Memory_Module256X16/BEHAVIORAL 1697862895 \
      FL /home/ise/NTUST_FPGA/Memory_Module256x16/Memory_Module256x16.vhf \
      EN work/M2_1E_MXILINX_Memory_Module256X16 1697862894 CP AND3 CP AND3B1 CP OR2
EN work/M4_1E_MXILINX_Memory_Module256X16 1697862896 \
      FL /home/ise/NTUST_FPGA/Memory_Module256x16/Memory_Module256x16.vhf \
      PB ieee/std_logic_1164 1381692176 PB ieee/NUMERIC_STD 1381692181 LB UNISIM \
      PH unisim/VCOMPONENTS 1381692182
AR work/M4_1E_MXILINX_Memory_Module256X16/BEHAVIORAL 1697862897 \
      FL /home/ise/NTUST_FPGA/Memory_Module256x16/Memory_Module256x16.vhf \
      EN work/M4_1E_MXILINX_Memory_Module256X16 1697862896 \
      CP M2_1E_MXILINX_Memory_Module256X16 CP MUXF5
EN work/mux8to1_2_MUSER_Memory_Module256X16 1697862898 \
      FL /home/ise/NTUST_FPGA/Memory_Module256x16/Memory_Module256x16.vhf \
      PB ieee/std_logic_1164 1381692176 PB ieee/NUMERIC_STD 1381692181 LB UNISIM \
      PH unisim/VCOMPONENTS 1381692182
AR work/mux8to1_2_MUSER_Memory_Module256X16/BEHAVIORAL 1697862899 \
      FL /home/ise/NTUST_FPGA/Memory_Module256x16/Memory_Module256x16.vhf \
      EN work/mux8to1_2_MUSER_Memory_Module256X16 1697862898 \
      CP M4_1E_MXILINX_Memory_Module256X16 CP M2_1_MXILINX_Memory_Module256X16
EN work/mux4bit8to1_MUSER_Memory_Module256X16 1697862900 \
      FL /home/ise/NTUST_FPGA/Memory_Module256x16/Memory_Module256x16.vhf \
      PB ieee/std_logic_1164 1381692176 PB ieee/NUMERIC_STD 1381692181 LB UNISIM \
      PH unisim/VCOMPONENTS 1381692182
AR work/mux4bit8to1_MUSER_Memory_Module256X16/BEHAVIORAL 1697862901 \
      FL /home/ise/NTUST_FPGA/Memory_Module256x16/Memory_Module256x16.vhf \
      EN work/mux4bit8to1_MUSER_Memory_Module256X16 1697862900 \
      CP mux8to1_2_MUSER_Memory_Module256X16
EN work/mux4X4bit8to1_MUSER_Memory_Module256X16 1697862902 \
      FL /home/ise/NTUST_FPGA/Memory_Module256x16/Memory_Module256x16.vhf \
      PB ieee/std_logic_1164 1381692176 PB ieee/NUMERIC_STD 1381692181 LB UNISIM \
      PH unisim/VCOMPONENTS 1381692182
AR work/mux4X4bit8to1_MUSER_Memory_Module256X16/BEHAVIORAL 1697862903 \
      FL /home/ise/NTUST_FPGA/Memory_Module256x16/Memory_Module256x16.vhf \
      EN work/mux4X4bit8to1_MUSER_Memory_Module256X16 1697862902 \
      CP mux4bit8to1_MUSER_Memory_Module256X16
EN work/decoder_3t08_MUSER_Memory_Module256x16 1697862904 \
      FL /home/ise/NTUST_FPGA/Memory_Module256x16/Memory_Module256x16.vhf \
      PB ieee/std_logic_1164 1381692176 PB ieee/NUMERIC_STD 1381692181 LB UNISIM \
      PH unisim/VCOMPONENTS 1381692182
AR work/decoder_3t08_MUSER_Memory_Module256x16/BEHAVIORAL 1697862905 \
      FL /home/ise/NTUST_FPGA/Memory_Module256x16/Memory_Module256x16.vhf \
      EN work/decoder_3t08_MUSER_Memory_Module256x16 1697862904 CP AND4 CP INV
EN work/RAM32X16S_MUSER_Memory_Module256x16 1697862906 \
      FL /home/ise/NTUST_FPGA/Memory_Module256x16/Memory_Module256x16.vhf \
      PB ieee/std_logic_1164 1381692176 PB ieee/NUMERIC_STD 1381692181 LB UNISIM \
      PH unisim/VCOMPONENTS 1381692182
AR work/RAM32X16S_MUSER_Memory_Module256x16/BEHAVIORAL 1697862907 \
      FL /home/ise/NTUST_FPGA/Memory_Module256x16/Memory_Module256x16.vhf \
      EN work/RAM32X16S_MUSER_Memory_Module256x16 1697862906 CP RAM32X8S
EN work/Memory_Module256x16 1697862908 \
      FL /home/ise/NTUST_FPGA/Memory_Module256x16/Memory_Module256x16.vhf \
      PB ieee/std_logic_1164 1381692176 PB ieee/NUMERIC_STD 1381692181 LB UNISIM \
      PH unisim/VCOMPONENTS 1381692182
AR work/Memory_Module256x16/BEHAVIORAL 1697862909 \
      FL /home/ise/NTUST_FPGA/Memory_Module256x16/Memory_Module256x16.vhf \
      EN work/Memory_Module256x16 1697862908 \
      CP RAM32X16S_MUSER_Memory_Module256x16 \
      CP decoder_3t08_MUSER_Memory_Module256x16 \
      CP mux4X4bit8to1_MUSER_Memory_Module256X16
FL /home/ise/NTUST_FPGA/Memory_Module256x16/mux16bit8to1.vhf 2023/10/20.08:41:15 P.20131013
EN work/mux16bit8to1 1697862838 \
      FL /home/ise/NTUST_FPGA/Memory_Module256x16/mux16bit8to1.vhf \
      PB ieee/std_logic_1164 1381692176 PB ieee/NUMERIC_STD 1381692181 LB UNISIM \
      PH unisim/VCOMPONENTS 1381692182
AR work/mux16bit8to1/BEHAVIORAL 1697862839 \
      FL /home/ise/NTUST_FPGA/Memory_Module256x16/mux16bit8to1.vhf \
      EN work/mux16bit8to1 1697862838 CP mux8to1
FL /home/ise/NTUST_FPGA/Memory_Module256x16/mux4bit8to1.vhf 2023/10/21.04:24:14 P.20131013
EN work/M2_1_MXILINX_mux4bit8to1 1697862874 \
      FL /home/ise/NTUST_FPGA/Memory_Module256x16/mux4bit8to1.vhf \
      PB ieee/std_logic_1164 1381692176 PB ieee/NUMERIC_STD 1381692181 LB UNISIM \
      PH unisim/VCOMPONENTS 1381692182
AR work/M2_1_MXILINX_mux4bit8to1/BEHAVIORAL 1697862875 \
      FL /home/ise/NTUST_FPGA/Memory_Module256x16/mux4bit8to1.vhf \
      EN work/M2_1_MXILINX_mux4bit8to1 1697862874 CP AND2B1 CP OR2 CP AND2
EN work/M2_1E_MXILINX_mux4bit8to1 1697862876 \
      FL /home/ise/NTUST_FPGA/Memory_Module256x16/mux4bit8to1.vhf \
      PB ieee/std_logic_1164 1381692176 PB ieee/NUMERIC_STD 1381692181 LB UNISIM \
      PH unisim/VCOMPONENTS 1381692182
AR work/M2_1E_MXILINX_mux4bit8to1/BEHAVIORAL 1697862877 \
      FL /home/ise/NTUST_FPGA/Memory_Module256x16/mux4bit8to1.vhf \
      EN work/M2_1E_MXILINX_mux4bit8to1 1697862876 CP AND3 CP AND3B1 CP OR2
EN work/M4_1E_MXILINX_mux4bit8to1 1697862878 \
      FL /home/ise/NTUST_FPGA/Memory_Module256x16/mux4bit8to1.vhf \
      PB ieee/std_logic_1164 1381692176 PB ieee/NUMERIC_STD 1381692181 LB UNISIM \
      PH unisim/VCOMPONENTS 1381692182
AR work/M4_1E_MXILINX_mux4bit8to1/BEHAVIORAL 1697862879 \
      FL /home/ise/NTUST_FPGA/Memory_Module256x16/mux4bit8to1.vhf \
      EN work/M4_1E_MXILINX_mux4bit8to1 1697862878 CP M2_1E_MXILINX_mux4bit8to1 \
      CP MUXF5
EN work/mux8to1_2_MUSER_mux4bit8to1 1697862880 \
      FL /home/ise/NTUST_FPGA/Memory_Module256x16/mux4bit8to1.vhf \
      PB ieee/std_logic_1164 1381692176 PB ieee/NUMERIC_STD 1381692181 LB UNISIM \
      PH unisim/VCOMPONENTS 1381692182
AR work/mux8to1_2_MUSER_mux4bit8to1/BEHAVIORAL 1697862881 \
      FL /home/ise/NTUST_FPGA/Memory_Module256x16/mux4bit8to1.vhf \
      EN work/mux8to1_2_MUSER_mux4bit8to1 1697862880 CP M4_1E_MXILINX_mux4bit8to1 \
      CP M2_1_MXILINX_mux4bit8to1
EN work/mux4bit8to1 1697862882 \
      FL /home/ise/NTUST_FPGA/Memory_Module256x16/mux4bit8to1.vhf \
      PB ieee/std_logic_1164 1381692176 PB ieee/NUMERIC_STD 1381692181 LB UNISIM \
      PH unisim/VCOMPONENTS 1381692182
AR work/mux4bit8to1/BEHAVIORAL 1697862883 \
      FL /home/ise/NTUST_FPGA/Memory_Module256x16/mux4bit8to1.vhf \
      EN work/mux4bit8to1 1697862882 CP mux8to1_2_MUSER_mux4bit8to1
FL /home/ise/NTUST_FPGA/Memory_Module256x16/mux4X4bit8to1.vhf 2023/10/21.04:24:15 P.20131013
EN work/M2_1_MXILINX_mux4X4bit8to1 1697862860 \
      FL /home/ise/NTUST_FPGA/Memory_Module256x16/mux4X4bit8to1.vhf \
      PB ieee/std_logic_1164 1381692176 PB ieee/NUMERIC_STD 1381692181 LB UNISIM \
      PH unisim/VCOMPONENTS 1381692182
AR work/M2_1_MXILINX_mux4X4bit8to1/BEHAVIORAL 1697862861 \
      FL /home/ise/NTUST_FPGA/Memory_Module256x16/mux4X4bit8to1.vhf \
      EN work/M2_1_MXILINX_mux4X4bit8to1 1697862860 CP AND2B1 CP OR2 CP AND2
EN work/M2_1E_MXILINX_mux4X4bit8to1 1697862862 \
      FL /home/ise/NTUST_FPGA/Memory_Module256x16/mux4X4bit8to1.vhf \
      PB ieee/std_logic_1164 1381692176 PB ieee/NUMERIC_STD 1381692181 LB UNISIM \
      PH unisim/VCOMPONENTS 1381692182
AR work/M2_1E_MXILINX_mux4X4bit8to1/BEHAVIORAL 1697862863 \
      FL /home/ise/NTUST_FPGA/Memory_Module256x16/mux4X4bit8to1.vhf \
      EN work/M2_1E_MXILINX_mux4X4bit8to1 1697862862 CP AND3 CP AND3B1 CP OR2
EN work/M4_1E_MXILINX_mux4X4bit8to1 1697862864 \
      FL /home/ise/NTUST_FPGA/Memory_Module256x16/mux4X4bit8to1.vhf \
      PB ieee/std_logic_1164 1381692176 PB ieee/NUMERIC_STD 1381692181 LB UNISIM \
      PH unisim/VCOMPONENTS 1381692182
AR work/M4_1E_MXILINX_mux4X4bit8to1/BEHAVIORAL 1697862865 \
      FL /home/ise/NTUST_FPGA/Memory_Module256x16/mux4X4bit8to1.vhf \
      EN work/M4_1E_MXILINX_mux4X4bit8to1 1697862864 \
      CP M2_1E_MXILINX_mux4X4bit8to1 CP MUXF5
EN work/mux8to1_2_MUSER_mux4X4bit8to1 1697862866 \
      FL /home/ise/NTUST_FPGA/Memory_Module256x16/mux4X4bit8to1.vhf \
      PB ieee/std_logic_1164 1381692176 PB ieee/NUMERIC_STD 1381692181 LB UNISIM \
      PH unisim/VCOMPONENTS 1381692182
AR work/mux8to1_2_MUSER_mux4X4bit8to1/BEHAVIORAL 1697862867 \
      FL /home/ise/NTUST_FPGA/Memory_Module256x16/mux4X4bit8to1.vhf \
      EN work/mux8to1_2_MUSER_mux4X4bit8to1 1697862866 \
      CP M4_1E_MXILINX_mux4X4bit8to1 CP M2_1_MXILINX_mux4X4bit8to1
EN work/mux4bit8to1_MUSER_mux4X4bit8to1 1697862868 \
      FL /home/ise/NTUST_FPGA/Memory_Module256x16/mux4X4bit8to1.vhf \
      PB ieee/std_logic_1164 1381692176 PB ieee/NUMERIC_STD 1381692181 LB UNISIM \
      PH unisim/VCOMPONENTS 1381692182
AR work/mux4bit8to1_MUSER_mux4X4bit8to1/BEHAVIORAL 1697862869 \
      FL /home/ise/NTUST_FPGA/Memory_Module256x16/mux4X4bit8to1.vhf \
      EN work/mux4bit8to1_MUSER_mux4X4bit8to1 1697862868 \
      CP mux8to1_2_MUSER_mux4X4bit8to1
EN work/mux4X4bit8to1 1697862870 \
      FL /home/ise/NTUST_FPGA/Memory_Module256x16/mux4X4bit8to1.vhf \
      PB ieee/std_logic_1164 1381692176 PB ieee/NUMERIC_STD 1381692181 LB UNISIM \
      PH unisim/VCOMPONENTS 1381692182
AR work/mux4X4bit8to1/BEHAVIORAL 1697862871 \
      FL /home/ise/NTUST_FPGA/Memory_Module256x16/mux4X4bit8to1.vhf \
      EN work/mux4X4bit8to1 1697862870 CP mux4bit8to1_MUSER_mux4X4bit8to1
FL /home/ise/NTUST_FPGA/Memory_Module256x16/mux8to1.vhf 2023/10/20.08:41:15 P.20131013
EN work/OR8_MXILINX_mux8to1 1697862834 \
      FL /home/ise/NTUST_FPGA/Memory_Module256x16/mux8to1.vhf \
      PB ieee/std_logic_1164 1381692176 PB ieee/NUMERIC_STD 1381692181 LB UNISIM \
      PH unisim/VCOMPONENTS 1381692182
AR work/OR8_MXILINX_mux8to1/BEHAVIORAL 1697862835 \
      FL /home/ise/NTUST_FPGA/Memory_Module256x16/mux8to1.vhf \
      EN work/OR8_MXILINX_mux8to1 1697862834 CP FMAP CP OR2 CP OR4
EN work/mux8to1 1697862836 \
      FL /home/ise/NTUST_FPGA/Memory_Module256x16/mux8to1.vhf \
      PB ieee/std_logic_1164 1381692176 PB ieee/NUMERIC_STD 1381692181 LB UNISIM \
      PH unisim/VCOMPONENTS 1381692182
AR work/mux8to1/BEHAVIORAL 1697862837 \
      FL /home/ise/NTUST_FPGA/Memory_Module256x16/mux8to1.vhf EN work/mux8to1 1697862836 \
      CP AND4 CP OR8_MXILINX_mux8to1 CP INV
FL /home/ise/NTUST_FPGA/Memory_Module256x16/mux8to1_2.vhf 2023/10/21.04:24:14 P.20131013
EN work/M2_1_MXILINX_mux8to1_2 1697862884 \
      FL /home/ise/NTUST_FPGA/Memory_Module256x16/mux8to1_2.vhf \
      PB ieee/std_logic_1164 1381692176 PB ieee/NUMERIC_STD 1381692181 LB UNISIM \
      PH unisim/VCOMPONENTS 1381692182
AR work/M2_1_MXILINX_mux8to1_2/BEHAVIORAL 1697862885 \
      FL /home/ise/NTUST_FPGA/Memory_Module256x16/mux8to1_2.vhf \
      EN work/M2_1_MXILINX_mux8to1_2 1697862884 CP AND2B1 CP OR2 CP AND2
EN work/M2_1E_MXILINX_mux8to1_2 1697862886 \
      FL /home/ise/NTUST_FPGA/Memory_Module256x16/mux8to1_2.vhf \
      PB ieee/std_logic_1164 1381692176 PB ieee/NUMERIC_STD 1381692181 LB UNISIM \
      PH unisim/VCOMPONENTS 1381692182
AR work/M2_1E_MXILINX_mux8to1_2/BEHAVIORAL 1697862887 \
      FL /home/ise/NTUST_FPGA/Memory_Module256x16/mux8to1_2.vhf \
      EN work/M2_1E_MXILINX_mux8to1_2 1697862886 CP AND3 CP AND3B1 CP OR2
EN work/M4_1E_MXILINX_mux8to1_2 1697862888 \
      FL /home/ise/NTUST_FPGA/Memory_Module256x16/mux8to1_2.vhf \
      PB ieee/std_logic_1164 1381692176 PB ieee/NUMERIC_STD 1381692181 LB UNISIM \
      PH unisim/VCOMPONENTS 1381692182
AR work/M4_1E_MXILINX_mux8to1_2/BEHAVIORAL 1697862889 \
      FL /home/ise/NTUST_FPGA/Memory_Module256x16/mux8to1_2.vhf \
      EN work/M4_1E_MXILINX_mux8to1_2 1697862888 CP M2_1E_MXILINX_mux8to1_2 \
      CP MUXF5
EN work/mux8to1_2 1697862890 \
      FL /home/ise/NTUST_FPGA/Memory_Module256x16/mux8to1_2.vhf \
      PB ieee/std_logic_1164 1381692176 PB ieee/NUMERIC_STD 1381692181 LB UNISIM \
      PH unisim/VCOMPONENTS 1381692182
AR work/mux8to1_2/BEHAVIORAL 1697862891 \
      FL /home/ise/NTUST_FPGA/Memory_Module256x16/mux8to1_2.vhf EN work/mux8to1_2 1697862890 \
      CP M4_1E_MXILINX_mux8to1_2 CP M2_1_MXILINX_mux8to1_2
FL /home/ise/NTUST_FPGA/Memory_Module256x16/RAM128X16s.vhf 2023/10/19.15:29:27 P.20131013
EN work/RAM16X16s_MUSER_RAM128X16s 1697729904 \
      FL /home/ise/NTUST_FPGA/Memory_Module256x16/RAM128X16s.vhf \
      PB ieee/std_logic_1164 1381692176 PB ieee/NUMERIC_STD 1381692181 LB UNISIM \
      PH unisim/VCOMPONENTS 1381692182
AR work/RAM16X16s_MUSER_RAM128X16s/BEHAVIORAL 1697729905 \
      FL /home/ise/NTUST_FPGA/Memory_Module256x16/RAM128X16s.vhf \
      EN work/RAM16X16s_MUSER_RAM128X16s 1697729904 CP RAM16X8S
EN work/RAM32X16S_MUSER_RAM128X16s 1697729906 \
      FL /home/ise/NTUST_FPGA/Memory_Module256x16/RAM128X16s.vhf \
      PB ieee/std_logic_1164 1381692176 PB ieee/NUMERIC_STD 1381692181 LB UNISIM \
      PH unisim/VCOMPONENTS 1381692182
AR work/RAM32X16S_MUSER_RAM128X16s/BEHAVIORAL 1697729907 \
      FL /home/ise/NTUST_FPGA/Memory_Module256x16/RAM128X16s.vhf \
      EN work/RAM32X16S_MUSER_RAM128X16s 1697729906 CP RAM16X16s_MUSER_RAM128X16s \
      CP INV
EN work/RAM64X16s_MUSER_RAM128X16s 1697729908 \
      FL /home/ise/NTUST_FPGA/Memory_Module256x16/RAM128X16s.vhf \
      PB ieee/std_logic_1164 1381692176 PB ieee/NUMERIC_STD 1381692181 LB UNISIM \
      PH unisim/VCOMPONENTS 1381692182
AR work/RAM64X16s_MUSER_RAM128X16s/BEHAVIORAL 1697729909 \
      FL /home/ise/NTUST_FPGA/Memory_Module256x16/RAM128X16s.vhf \
      EN work/RAM64X16s_MUSER_RAM128X16s 1697729908 CP RAM32X16S_MUSER_RAM128X16s \
      CP INV
EN work/RAM128X16s 1697729910 \
      FL /home/ise/NTUST_FPGA/Memory_Module256x16/RAM128X16s.vhf \
      PB ieee/std_logic_1164 1381692176 PB ieee/NUMERIC_STD 1381692181 LB UNISIM \
      PH unisim/VCOMPONENTS 1381692182
AR work/RAM128X16s/BEHAVIORAL 1697729911 \
      FL /home/ise/NTUST_FPGA/Memory_Module256x16/RAM128X16s.vhf \
      EN work/RAM128X16s 1697729910 CP RAM64X16s_MUSER_RAM128X16s CP INV
FL /home/ise/NTUST_FPGA/Memory_Module256x16/RAM16X16s.vhf 2023/10/19.15:29:27 P.20131013
EN work/RAM16X16s 1697729922 \
      FL /home/ise/NTUST_FPGA/Memory_Module256x16/RAM16X16s.vhf \
      PB ieee/std_logic_1164 1381692176 PB ieee/NUMERIC_STD 1381692181 LB UNISIM \
      PH unisim/VCOMPONENTS 1381692182
AR work/RAM16X16s/BEHAVIORAL 1697729923 \
      FL /home/ise/NTUST_FPGA/Memory_Module256x16/RAM16X16s.vhf EN work/RAM16X16s 1697729922 \
      CP RAM16X8S
FL /home/ise/NTUST_FPGA/Memory_Module256x16/RAM32X16S.vhf 2023/10/20.07:20:47 P.20131013
EN work/RAM32X16S 1697862872 \
      FL /home/ise/NTUST_FPGA/Memory_Module256x16/RAM32X16S.vhf \
      PB ieee/std_logic_1164 1381692176 PB ieee/NUMERIC_STD 1381692181 LB UNISIM \
      PH unisim/VCOMPONENTS 1381692182
AR work/RAM32X16S/BEHAVIORAL 1697862873 \
      FL /home/ise/NTUST_FPGA/Memory_Module256x16/RAM32X16S.vhf EN work/RAM32X16S 1697862872 \
      CP RAM32X8S
FL /home/ise/NTUST_FPGA/Memory_Module256x16/RAM64X16s.vhf 2023/10/19.15:29:27 P.20131013
EN work/RAM16X16s_MUSER_RAM64X16s 1697729912 \
      FL /home/ise/NTUST_FPGA/Memory_Module256x16/RAM64X16s.vhf \
      PB ieee/std_logic_1164 1381692176 PB ieee/NUMERIC_STD 1381692181 LB UNISIM \
      PH unisim/VCOMPONENTS 1381692182
AR work/RAM16X16s_MUSER_RAM64X16s/BEHAVIORAL 1697729913 \
      FL /home/ise/NTUST_FPGA/Memory_Module256x16/RAM64X16s.vhf \
      EN work/RAM16X16s_MUSER_RAM64X16s 1697729912 CP RAM16X8S
EN work/RAM32X16S_MUSER_RAM64X16s 1697729914 \
      FL /home/ise/NTUST_FPGA/Memory_Module256x16/RAM64X16s.vhf \
      PB ieee/std_logic_1164 1381692176 PB ieee/NUMERIC_STD 1381692181 LB UNISIM \
      PH unisim/VCOMPONENTS 1381692182
AR work/RAM32X16S_MUSER_RAM64X16s/BEHAVIORAL 1697729915 \
      FL /home/ise/NTUST_FPGA/Memory_Module256x16/RAM64X16s.vhf \
      EN work/RAM32X16S_MUSER_RAM64X16s 1697729914 CP RAM16X16s_MUSER_RAM64X16s \
      CP INV
EN work/RAM64X16s 1697729916 \
      FL /home/ise/NTUST_FPGA/Memory_Module256x16/RAM64X16s.vhf \
      PB ieee/std_logic_1164 1381692176 PB ieee/NUMERIC_STD 1381692181 LB UNISIM \
      PH unisim/VCOMPONENTS 1381692182
AR work/RAM64X16s/BEHAVIORAL 1697729917 \
      FL /home/ise/NTUST_FPGA/Memory_Module256x16/RAM64X16s.vhf EN work/RAM64X16s 1697729916 \
      CP RAM32X16S_MUSER_RAM64X16s CP INV
