EN fulladder16bit_muser_two_complement16bitadder NULL /home/ise/NTUST_FPGA/ALU/two_complement16bitadder.vhf sub00/vhpl08 1697858829
EN two_complement16bitadder_muser_alu NULL /home/ise/NTUST_FPGA/ALU/ALU.vhf sub00/vhpl18 1697806670
EN fulladder16bit_muser_alu NULL /home/ise/NTUST_FPGA/ALU/ALU.vhf sub00/vhpl16 1697806668
EN fulladder NULL /home/ise/NTUST_FPGA/ALU/fulladder.vhf sub00/vhpl00 1698050211
EN fulladder_muser_two_complement16bitadder NULL /home/ise/NTUST_FPGA/ALU/two_complement16bitadder.vhf sub00/vhpl06 1697858827
AR fulladder16bit_muser_alu behavioral /home/ise/NTUST_FPGA/ALU/ALU.vhf sub00/vhpl17 1697806669
EN nand16_mxilinx_alu NULL /home/ise/NTUST_FPGA/ALU/ALU.vhf sub00/vhpl12 1697806664
AR two_complement16bitadder_muser_alu behavioral /home/ise/NTUST_FPGA/ALU/ALU.vhf sub00/vhpl19 1697806671
EN fulladder_muser_alu NULL /home/ise/NTUST_FPGA/ALU/ALU.vhf sub00/vhpl14 1697806666
AR two_complement16bitadder behavioral /home/ise/NTUST_FPGA/ALU/two_complement16bitadder.vhf sub00/vhpl11 1697858832
AR fulladder16bit behavioral /home/ise/NTUST_FPGA/ALU/fulladder16bit.vhf sub00/vhpl05 1698050210
EN two_complement16bitadder NULL /home/ise/NTUST_FPGA/ALU/two_complement16bitadder.vhf sub00/vhpl10 1697858831
EN fulladder16bit NULL /home/ise/NTUST_FPGA/ALU/fulladder16bit.vhf sub00/vhpl04 1698050209
AR alu behavioral /home/ise/NTUST_FPGA/ALU/ALU.vhf sub00/vhpl21 1697806673
AR nand16_mxilinx_alu behavioral /home/ise/NTUST_FPGA/ALU/ALU.vhf sub00/vhpl13 1697806665
AR fulladder16bit_muser_two_complement16bitadder behavioral /home/ise/NTUST_FPGA/ALU/two_complement16bitadder.vhf sub00/vhpl09 1697858830
AR fulladder_muser_fulladder16bit behavioral /home/ise/NTUST_FPGA/ALU/fulladder16bit.vhf sub00/vhpl03 1698050208
AR fulladder_muser_two_complement16bitadder behavioral /home/ise/NTUST_FPGA/ALU/two_complement16bitadder.vhf sub00/vhpl07 1697858828
EN fulladder_muser_fulladder16bit NULL /home/ise/NTUST_FPGA/ALU/fulladder16bit.vhf sub00/vhpl02 1698050207
AR fulladder behavioral /home/ise/NTUST_FPGA/ALU/fulladder.vhf sub00/vhpl01 1698050212
AR fulladder_muser_alu behavioral /home/ise/NTUST_FPGA/ALU/ALU.vhf sub00/vhpl15 1697806667
EN alu NULL /home/ise/NTUST_FPGA/ALU/ALU.vhf sub00/vhpl20 1697806672
