AR or8_mxilinx_regfile behavioral /home/ise/NTUST_FPGA/RISCV16bit/regfile.vhf sub01/vhpl185 1698580299
AR m4_1e_mxilinx_riscv16bit behavioral /home/ise/NTUST_FPGA/RISCV16bit/RISCV16bit.vhf sub00/vhpl59 1698580181
AR or9_mxilinx_riscv16bit behavioral /home/ise/NTUST_FPGA/RISCV16bit/RISCV16bit.vhf sub00/vhpl45 1698580167
AR regfile behavioral /home/ise/NTUST_FPGA/RISCV16bit/regfile.vhf sub01/vhpl193 1698580307
EN or8_mxilinx_regfile NULL /home/ise/NTUST_FPGA/RISCV16bit/regfile.vhf sub01/vhpl184 1698580298
EN demux2to1_muser_demux16bit2to1 NULL /home/ise/NTUST_FPGA/RISCV16bit/demux16bit2to1.vhf sub01/vhpl128 1698580234
EN encoder16to8 NULL /home/ise/NTUST_FPGA/RISCV16bit/encoder16to8.vhf sub01/vhpl138 1698580244
EN ram32x16s_muser_riscv16bit NULL /home/ise/NTUST_FPGA/RISCV16bit/RISCV16bit.vhf sub00/vhpl68 1698580188
EN mux8to1_2_muser_mem256x16 NULL /home/ise/NTUST_FPGA/RISCV16bit/Mem256X16.vhf sub01/vhpl152 1698580266
EN m2_1_mxilinx_mux8to1_2 NULL /home/ise/NTUST_FPGA/RISCV16bit/mux8to1_2.vhf sub02/vhpl266 1698580390
AR mux16bit8to1 behavioral /home/ise/NTUST_FPGA/RISCV16bit/mux16bit8to1.vhf sub02/vhpl209 1698580327
AR decoder_3t08_muser_riscv16bit behavioral /home/ise/NTUST_FPGA/RISCV16bit/RISCV16bit.vhf sub00/vhpl67 1698580145
AR m2_1_mxilinx_mux8to1_2 behavioral /home/ise/NTUST_FPGA/RISCV16bit/mux8to1_2.vhf sub02/vhpl267 1698580391
AR demux4bit2to1_muser_demux16bit2to1 behavioral /home/ise/NTUST_FPGA/RISCV16bit/demux16bit2to1.vhf sub01/vhpl131 1698580237
EN main_decoder_muser_riscv16bit NULL /home/ise/NTUST_FPGA/RISCV16bit/RISCV16bit.vhf sub00/vhpl46 1698580168
AR decoder4x4to8 behavioral /home/ise/NTUST_FPGA/RISCV16bit/decoder4X4to8.vhf sub00/vhpl23 1698314043
AR or9_mxilinx_main_decoder behavioral /home/ise/NTUST_FPGA/RISCV16bit/main_decoder.vhf sub01/vhpl143 1698580257
AR mux4x4bit8to1 behavioral /home/ise/NTUST_FPGA/RISCV16bit/mux4X4bit8to1.vhf sub02/vhpl231 1698580353
AR demux2to1_muser_demux4bit2to1 behavioral /home/ise/NTUST_FPGA/RISCV16bit/demux4bit2to1.vhf sub01/vhpl199 1698580313
AR mux8to1_2_muser_riscv16bit behavioral /home/ise/NTUST_FPGA/RISCV16bit/RISCV16bit.vhf sub00/vhpl61 1698580183
EN mux4bit8to1_muser_mux4x4bit8to1 NULL /home/ise/NTUST_FPGA/RISCV16bit/mux4X4bit8to1.vhf sub02/vhpl228 1698580350
EN decoder_3t08 NULL /home/ise/NTUST_FPGA/RISCV16bit/decoder_3t08.vhf sub01/vhpl196 1698580310
EN m2_1_mxilinx_mem256x16 NULL /home/ise/NTUST_FPGA/RISCV16bit/Mem256X16.vhf sub01/vhpl146 1698580260
EN mux16bit8to1_muser_regfile NULL /home/ise/NTUST_FPGA/RISCV16bit/regfile.vhf sub01/vhpl188 1698580302
AR mux4x4bit8to1_muser_mem256x16 behavioral /home/ise/NTUST_FPGA/RISCV16bit/Mem256X16.vhf sub01/vhpl157 1698580271
EN m2_1_mxilinx_extend NULL /home/ise/NTUST_FPGA/RISCV16bit/extend.vhf sub00/vhpl00 1698580246
EN regfile NULL /home/ise/NTUST_FPGA/RISCV16bit/regfile.vhf sub01/vhpl192 1698580306
EN mux3to1_muser_riscv16bit NULL /home/ise/NTUST_FPGA/RISCV16bit/RISCV16bit.vhf sub01/vhpl102 1698580214
AR encoder4to2_muser_encoder16to8 behavioral /home/ise/NTUST_FPGA/RISCV16bit/encoder16to8.vhf sub01/vhpl135 1698580241
EN or8_mxilinx_mux16bit8to1 NULL /home/ise/NTUST_FPGA/RISCV16bit/mux16bit8to1.vhf sub02/vhpl204 1698580322
AR demux16bit2to1 behavioral /home/ise/NTUST_FPGA/RISCV16bit/demux16bit2to1.vhf sub01/vhpl133 1698580239
AR m4_1e_mxilinx_mux4x4bit8to1 behavioral /home/ise/NTUST_FPGA/RISCV16bit/mux4X4bit8to1.vhf sub02/vhpl225 1698580347
AR mux8to1_2_muser_mux4bit8to1 behavioral /home/ise/NTUST_FPGA/RISCV16bit/mux4bit8to1.vhf sub02/vhpl257 1698580381
EN mux16bit8to1 NULL /home/ise/NTUST_FPGA/RISCV16bit/mux16bit8to1.vhf sub02/vhpl208 1698580326
AR mux16bit2to1_muser_riscv16bit behavioral /home/ise/NTUST_FPGA/RISCV16bit/RISCV16bit.vhf sub00/vhpl77 1698580195
EN nand16_mxilinx_riscv16bit NULL /home/ise/NTUST_FPGA/RISCV16bit/RISCV16bit.vhf sub01/vhpl108 1698580220
EN mux4bit8to1 NULL /home/ise/NTUST_FPGA/RISCV16bit/mux4bit8to1.vhf sub02/vhpl258 1698580382
AR mux16bit8to1_muser_regfile behavioral /home/ise/NTUST_FPGA/RISCV16bit/regfile.vhf sub01/vhpl189 1698580303
EN regfile_muser_riscv16bit NULL /home/ise/NTUST_FPGA/RISCV16bit/RISCV16bit.vhf sub01/vhpl120 1698580154
AR m2_1_mxilinx_mux16bit3to1 behavioral /home/ise/NTUST_FPGA/RISCV16bit/mux16bit3to1.vhf sub01/vhpl171 1698580285
EN demux2to1 NULL /home/ise/NTUST_FPGA/RISCV16bit/demux2to1.vhf sub02/vhpl240 1698580362
AR demux16bit2to1_muser_riscv16bit behavioral /home/ise/NTUST_FPGA/RISCV16bit/RISCV16bit.vhf sub00/vhpl55 1698580177
EN mux4bit3to1_muser_mux16bit3to1 NULL /home/ise/NTUST_FPGA/RISCV16bit/mux16bit3to1.vhf sub01/vhpl174 1698580288
AR m2_1_mxilinx_mux4bit2to1 behavioral /home/ise/NTUST_FPGA/RISCV16bit/mux4bit2to1.vhf sub02/vhpl211 1698580333
EN demux16bit2to1_muser_riscv16bit NULL /home/ise/NTUST_FPGA/RISCV16bit/RISCV16bit.vhf sub00/vhpl54 1698580176
EN mux8to1_2_muser_mux4bit8to1 NULL /home/ise/NTUST_FPGA/RISCV16bit/mux4bit8to1.vhf sub02/vhpl256 1698580380
EN fulladder16bit_muser_riscv16bit NULL /home/ise/NTUST_FPGA/RISCV16bit/RISCV16bit.vhf sub00/vhpl80 1698580198
AR mux8to1_2_muser_mux4x4bit8to1 behavioral /home/ise/NTUST_FPGA/RISCV16bit/mux4X4bit8to1.vhf sub02/vhpl227 1698580349
AR branchdetech_muser_riscv16bit behavioral /home/ise/NTUST_FPGA/RISCV16bit/RISCV16bit.vhf sub00/vhpl43 1698580165
EN leftshift0 NULL /home/ise/NTUST_FPGA/RISCV16bit/leftshift0.vhf sub00/vhpl34 1698580252
EN pc_circuitry NULL /home/ise/NTUST_FPGA/RISCV16bit/PC_Circuitry.vhf sub01/vhpl180 1698580294
EN decoder16bit4to8 NULL /home/ise/NTUST_FPGA/RISCV16bit/decoder16bit4to8.vhf sub00/vhpl16 1698313986
AR m2_1_mxilinx_mux3bit2to1 behavioral /home/ise/NTUST_FPGA/RISCV16bit/mux3bit2to1.vhf sub00/vhpl07 1698580329
AR encoder16to8_muser_riscv16bit behavioral /home/ise/NTUST_FPGA/RISCV16bit/RISCV16bit.vhf sub00/vhpl89 1698580205
AR regfile_muser_riscv16bit behavioral /home/ise/NTUST_FPGA/RISCV16bit/RISCV16bit.vhf sub01/vhpl121 1698580155
AR mux3bit2to1_muser_riscv16bit behavioral /home/ise/NTUST_FPGA/RISCV16bit/RISCV16bit.vhf sub00/vhpl99 1698580211
AR mux8to1_muser_regfile behavioral /home/ise/NTUST_FPGA/RISCV16bit/regfile.vhf sub01/vhpl187 1698580301
AR m2_1e_mxilinx_mux4bit8to1 behavioral /home/ise/NTUST_FPGA/RISCV16bit/mux4bit8to1.vhf sub02/vhpl253 1698580377
AR demux4bit2to1 behavioral /home/ise/NTUST_FPGA/RISCV16bit/demux4bit2to1.vhf sub02/vhpl201 1698580315
EN mux16bit2to1 NULL /home/ise/NTUST_FPGA/RISCV16bit/mux16bit2to1.vhf sub01/vhpl168 1698580282
AR mux8to1_2 behavioral /home/ise/NTUST_FPGA/RISCV16bit/mux8to1_2.vhf sub02/vhpl273 1698580397
AR mux8to1_2_muser_mem256x16 behavioral /home/ise/NTUST_FPGA/RISCV16bit/Mem256X16.vhf sub01/vhpl153 1698580267
AR mux4bit3to1_muser_mux16bit3to1 behavioral /home/ise/NTUST_FPGA/RISCV16bit/mux16bit3to1.vhf sub01/vhpl175 1698580289
EN mux4bit2to1 NULL /home/ise/NTUST_FPGA/RISCV16bit/mux4bit2to1.vhf sub02/vhpl212 1698580334
EN m2_1_mxilinx_mux4bit8to1 NULL /home/ise/NTUST_FPGA/RISCV16bit/mux4bit8to1.vhf sub02/vhpl250 1698580374
EN decoder_3t08_muser_regfile NULL /home/ise/NTUST_FPGA/RISCV16bit/regfile.vhf sub01/vhpl182 1698580296
EN mux8to1_muser_riscv16bit NULL /home/ise/NTUST_FPGA/RISCV16bit/RISCV16bit.vhf sub01/vhpl116 1698580148
AR d_filp_flop_regwce behavioral /home/ise/NTUST_FPGA/RISCV16bit/D_filp_flop_regwce.vhf sub02/vhpl203 1698580317
AR encoder8to4_muser_encoder16to8 behavioral /home/ise/NTUST_FPGA/RISCV16bit/encoder16to8.vhf sub01/vhpl137 1698580243
EN mux8to1_muser_mux16bit8to1 NULL /home/ise/NTUST_FPGA/RISCV16bit/mux16bit8to1.vhf sub02/vhpl206 1698580324
EN ram32x16s NULL /home/ise/NTUST_FPGA/RISCV16bit/RAM32X16S.vhf sub02/vhpl232 1698580354
EN m4_1e_mxilinx_mux4x4bit8to1 NULL /home/ise/NTUST_FPGA/RISCV16bit/mux4X4bit8to1.vhf sub02/vhpl224 1698580346
EN leftshift1bit_muser_riscv16bit NULL /home/ise/NTUST_FPGA/RISCV16bit/RISCV16bit.vhf sub00/vhpl48 1698580170
AR fulladder16bit_muser_two_complement16bitadder behavioral /home/ise/NTUST_FPGA/RISCV16bit/two_complement16bitadder.vhf sub02/vhpl237 1698580359
AR m2_1e_mxilinx_riscv16bit behavioral /home/ise/NTUST_FPGA/RISCV16bit/RISCV16bit.vhf sub00/vhpl57 1698580179
AR mux4bit3to1 behavioral /home/ise/NTUST_FPGA/RISCV16bit/mux4bit3to1.vhf sub02/vhpl219 1698580341
AR demux2to1_muser_demux16bit2to1 behavioral /home/ise/NTUST_FPGA/RISCV16bit/demux16bit2to1.vhf sub01/vhpl129 1698580235
EN mux4bit3to1_muser_riscv16bit NULL /home/ise/NTUST_FPGA/RISCV16bit/RISCV16bit.vhf sub01/vhpl104 1698580216
EN mux4x4bit8to1 NULL /home/ise/NTUST_FPGA/RISCV16bit/mux4X4bit8to1.vhf sub02/vhpl230 1698580352
EN mux4bit2to1_muser_mux16bit2to1 NULL /home/ise/NTUST_FPGA/RISCV16bit/mux16bit2to1.vhf sub01/vhpl166 1698580280
EN m2_1_mxilinx_mux4bit2to1 NULL /home/ise/NTUST_FPGA/RISCV16bit/mux4bit2to1.vhf sub02/vhpl210 1698580332
EN m2_1e_mxilinx_mux4bit8to1 NULL /home/ise/NTUST_FPGA/RISCV16bit/mux4bit8to1.vhf sub02/vhpl252 1698580376
EN decoder_3t08_muser_riscv16bit NULL /home/ise/NTUST_FPGA/RISCV16bit/RISCV16bit.vhf sub00/vhpl66 1698580144
EN bitmask NULL /home/ise/NTUST_FPGA/RISCV16bit/bitmask.vhf sub00/vhpl36 1698580230
AR m4_1e_mxilinx_mux8to1_2 behavioral /home/ise/NTUST_FPGA/RISCV16bit/mux8to1_2.vhf sub02/vhpl271 1698580395
AR encoder4to2_muser_riscv16bit behavioral /home/ise/NTUST_FPGA/RISCV16bit/RISCV16bit.vhf sub00/vhpl85 1698580201
EN m2_1e_mxilinx_mux4x4bit8to1 NULL /home/ise/NTUST_FPGA/RISCV16bit/mux4X4bit8to1.vhf sub02/vhpl222 1698580344
AR mux4bit2to1_muser_mux16bit2to1 behavioral /home/ise/NTUST_FPGA/RISCV16bit/mux16bit2to1.vhf sub01/vhpl167 1698580281
EN test_decoder_muser_riscv16bit NULL /home/ise/NTUST_FPGA/RISCV16bit/RISCV16bit.vhf sub00/vhpl40 1698580142
AR decoder_3t08_muser_mem256x16 behavioral /home/ise/NTUST_FPGA/RISCV16bit/Mem256X16.vhf sub01/vhpl159 1698580273
AR alu_muser_riscv16bit behavioral /home/ise/NTUST_FPGA/RISCV16bit/RISCV16bit.vhf sub01/vhpl113 1698580225
EN fulladder16bit_muser_two_complement16bitadder NULL /home/ise/NTUST_FPGA/RISCV16bit/two_complement16bitadder.vhf sub02/vhpl236 1698580358
AR mux4bit8to1_muser_mem256x16 behavioral /home/ise/NTUST_FPGA/RISCV16bit/Mem256X16.vhf sub01/vhpl155 1698580269
EN decoder4to8 NULL /home/ise/NTUST_FPGA/RISCV16bit/decoder4to8.vhf sub00/vhpl26 1698314046
EN demux2to1_muser_demux4bit2to1 NULL /home/ise/NTUST_FPGA/RISCV16bit/demux4bit2to1.vhf sub01/vhpl198 1698580312
EN fd16re_mxilinx_riscv16bit NULL /home/ise/NTUST_FPGA/RISCV16bit/RISCV16bit.vhf sub00/vhpl90 1698580156
AR m2_1_mxilinx_mux4bit8to1 behavioral /home/ise/NTUST_FPGA/RISCV16bit/mux4bit8to1.vhf sub02/vhpl251 1698580375
AR leftshift0 behavioral /home/ise/NTUST_FPGA/RISCV16bit/leftshift0.vhf sub00/vhpl35 1698580253
AR decoder16bit4to8 behavioral /home/ise/NTUST_FPGA/RISCV16bit/decoder16bit4to8.vhf sub00/vhpl17 1698313987
EN d2_4e_mxilinx_decoder4to8 NULL /home/ise/NTUST_FPGA/RISCV16bit/decoder4to8.vhf sub00/vhpl24 1698314044
AR ram32x16s_muser_mem256x16 behavioral /home/ise/NTUST_FPGA/RISCV16bit/Mem256X16.vhf sub01/vhpl161 1698580275
EN riscv16bit NULL /home/ise/NTUST_FPGA/RISCV16bit/RISCV16bit.vhf sub01/vhpl122 1698580226
EN mux3to1 NULL /home/ise/NTUST_FPGA/RISCV16bit/mux3to1.vhf sub02/vhpl248 1698580372
AR main_decoder_muser_riscv16bit behavioral /home/ise/NTUST_FPGA/RISCV16bit/RISCV16bit.vhf sub00/vhpl47 1698580169
EN encoder4to2_muser_encoder8to4 NULL /home/ise/NTUST_FPGA/RISCV16bit/encoder8to4.vhf sub00/vhpl28 1698580318
AR encoder4to2 behavioral /home/ise/NTUST_FPGA/RISCV16bit/encoder4to2.vhf sub00/vhpl33 1698580365
AR encoder8to4_muser_riscv16bit behavioral /home/ise/NTUST_FPGA/RISCV16bit/RISCV16bit.vhf sub00/vhpl87 1698580203
EN mux3bit2to1_muser_riscv16bit NULL /home/ise/NTUST_FPGA/RISCV16bit/RISCV16bit.vhf sub00/vhpl98 1698580210
AR m2_1e_mxilinx_mux8to1_2 behavioral /home/ise/NTUST_FPGA/RISCV16bit/mux8to1_2.vhf sub02/vhpl269 1698580393
EN mux3bit2to1 NULL /home/ise/NTUST_FPGA/RISCV16bit/mux3bit2to1.vhf sub00/vhpl08 1698580330
EN decoder_3t08_muser_mem256x16 NULL /home/ise/NTUST_FPGA/RISCV16bit/Mem256X16.vhf sub01/vhpl158 1698580272
AR or8_mxilinx_mux16bit8to1 behavioral /home/ise/NTUST_FPGA/RISCV16bit/mux16bit8to1.vhf sub02/vhpl205 1698580323
AR encoder16to8 behavioral /home/ise/NTUST_FPGA/RISCV16bit/encoder16to8.vhf sub01/vhpl139 1698580245
EN fd16re_mxilinx_pc_circuitry NULL /home/ise/NTUST_FPGA/RISCV16bit/PC_Circuitry.vhf sub01/vhpl178 1698580292
EN mux3to1_muser_mux4bit3to1 NULL /home/ise/NTUST_FPGA/RISCV16bit/mux4bit3to1.vhf sub02/vhpl216 1698580338
EN extend_muser_riscv16bit NULL /home/ise/NTUST_FPGA/RISCV16bit/RISCV16bit.vhf sub01/vhpl100 1698580212
EN mux4bit8to1_muser_riscv16bit NULL /home/ise/NTUST_FPGA/RISCV16bit/RISCV16bit.vhf sub00/vhpl62 1698580184
AR decoder4x4to8_muser_decoder16bit4to8 behavioral /home/ise/NTUST_FPGA/RISCV16bit/decoder16bit4to8.vhf sub00/vhpl15 1698313985
EN d_filp_flop_regwce NULL /home/ise/NTUST_FPGA/RISCV16bit/D_filp_flop_regwce.vhf sub02/vhpl202 1698580316
EN bitmask_muser_riscv16bit NULL /home/ise/NTUST_FPGA/RISCV16bit/RISCV16bit.vhf sub00/vhpl82 1698580160
AR fulladder16bit_muser_riscv16bit behavioral /home/ise/NTUST_FPGA/RISCV16bit/RISCV16bit.vhf sub00/vhpl81 1698580199
AR fd16re_mxilinx_riscv16bit behavioral /home/ise/NTUST_FPGA/RISCV16bit/RISCV16bit.vhf sub00/vhpl91 1698580157
EN decoder4x4to8_muser_decoder16bit4to8 NULL /home/ise/NTUST_FPGA/RISCV16bit/decoder16bit4to8.vhf sub00/vhpl14 1698313984
AR mux16bit3to1 behavioral /home/ise/NTUST_FPGA/RISCV16bit/mux16bit3to1.vhf sub01/vhpl177 1698580291
AR mux16bit8to1_muser_riscv16bit behavioral /home/ise/NTUST_FPGA/RISCV16bit/RISCV16bit.vhf sub01/vhpl119 1698580151
AR alu_decoder behavioral /home/ise/NTUST_FPGA/RISCV16bit/ALU_decoder.vhf sub01/vhpl125 1698580229
EN mux16bit3to1_muser_riscv16bit NULL /home/ise/NTUST_FPGA/RISCV16bit/RISCV16bit.vhf sub01/vhpl106 1698580218
EN mux8to1_2_muser_mux4x4bit8to1 NULL /home/ise/NTUST_FPGA/RISCV16bit/mux4X4bit8to1.vhf sub02/vhpl226 1698580348
EN decoder4x4to8 NULL /home/ise/NTUST_FPGA/RISCV16bit/decoder4X4to8.vhf sub00/vhpl22 1698314042
AR m2_1_mxilinx_mux3to1 behavioral /home/ise/NTUST_FPGA/RISCV16bit/mux3to1.vhf sub02/vhpl247 1698580371
AR demux2to1 behavioral /home/ise/NTUST_FPGA/RISCV16bit/demux2to1.vhf sub02/vhpl241 1698580363
AR m2_1_mxilinx_riscv16bit behavioral /home/ise/NTUST_FPGA/RISCV16bit/RISCV16bit.vhf sub00/vhpl39 1698580163
AR fulladder16bit behavioral /home/ise/NTUST_FPGA/RISCV16bit/fulladder16bit.vhf sub02/vhpl245 1698580369
EN m2_1_mxilinx_mux3bit2to1 NULL /home/ise/NTUST_FPGA/RISCV16bit/mux3bit2to1.vhf sub00/vhpl06 1698580328
EN decoder4to8_muser_decoder4x4to8 NULL /home/ise/NTUST_FPGA/RISCV16bit/decoder4X4to8.vhf sub00/vhpl20 1698314040
AR mux16bit3to1_muser_riscv16bit behavioral /home/ise/NTUST_FPGA/RISCV16bit/RISCV16bit.vhf sub01/vhpl107 1698580219
AR alu_decoder_muser_riscv16bit behavioral /home/ise/NTUST_FPGA/RISCV16bit/RISCV16bit.vhf sub00/vhpl97 1698580209
AR mem256x16_muser_riscv16bit behavioral /home/ise/NTUST_FPGA/RISCV16bit/RISCV16bit.vhf sub00/vhpl71 1698580191
EN mux8to1_muser_regfile NULL /home/ise/NTUST_FPGA/RISCV16bit/regfile.vhf sub01/vhpl186 1698580300
AR decoder4to8 behavioral /home/ise/NTUST_FPGA/RISCV16bit/decoder4to8.vhf sub00/vhpl27 1698314047
AR or8_mxilinx_riscv16bit behavioral /home/ise/NTUST_FPGA/RISCV16bit/RISCV16bit.vhf sub01/vhpl115 1698580147
EN mux4x4bit8to1_muser_riscv16bit NULL /home/ise/NTUST_FPGA/RISCV16bit/RISCV16bit.vhf sub00/vhpl64 1698580186
EN d_filp_flop_regwce_muser_riscv16bit NULL /home/ise/NTUST_FPGA/RISCV16bit/RISCV16bit.vhf sub00/vhpl72 1698580152
AR pc_circuitry behavioral /home/ise/NTUST_FPGA/RISCV16bit/PC_Circuitry.vhf sub01/vhpl181 1698580295
AR two_complement16bitadder behavioral /home/ise/NTUST_FPGA/RISCV16bit/two_complement16bitadder.vhf sub02/vhpl239 1698580361
AR extend behavioral /home/ise/NTUST_FPGA/RISCV16bit/extend.vhf sub00/vhpl05 1698580251
AR fulladder_muser_fulladder16bit behavioral /home/ise/NTUST_FPGA/RISCV16bit/fulladder16bit.vhf sub02/vhpl243 1698580367
AR or8_mxilinx_mux8to1 behavioral /home/ise/NTUST_FPGA/RISCV16bit/mux8to1.vhf sub02/vhpl261 1698580385
EN fulladder_muser_fulladder16bit NULL /home/ise/NTUST_FPGA/RISCV16bit/fulladder16bit.vhf sub02/vhpl242 1698580366
EN mux16bit3to1 NULL /home/ise/NTUST_FPGA/RISCV16bit/mux16bit3to1.vhf sub01/vhpl176 1698580290
EN fulladder NULL /home/ise/NTUST_FPGA/RISCV16bit/fulladder.vhf sub02/vhpl264 1698580388
EN demux4bit2to1_muser_riscv16bit NULL /home/ise/NTUST_FPGA/RISCV16bit/RISCV16bit.vhf sub00/vhpl52 1698580174
AR mux8to1 behavioral /home/ise/NTUST_FPGA/RISCV16bit/mux8to1.vhf sub02/vhpl263 1698580387
AR demux4bit2to1_muser_riscv16bit behavioral /home/ise/NTUST_FPGA/RISCV16bit/RISCV16bit.vhf sub00/vhpl53 1698580175
EN mux4bit3to1 NULL /home/ise/NTUST_FPGA/RISCV16bit/mux4bit3to1.vhf sub02/vhpl218 1698580340
AR leftshift1bit_muser_riscv16bit behavioral /home/ise/NTUST_FPGA/RISCV16bit/RISCV16bit.vhf sub00/vhpl49 1698580171
EN fulladder16bit NULL /home/ise/NTUST_FPGA/RISCV16bit/fulladder16bit.vhf sub02/vhpl244 1698580368
EN decoder4to8_muser_decoder16bit4to8 NULL /home/ise/NTUST_FPGA/RISCV16bit/decoder16bit4to8.vhf sub00/vhpl12 1698313982
AR mux4bit8to1_muser_riscv16bit behavioral /home/ise/NTUST_FPGA/RISCV16bit/RISCV16bit.vhf sub00/vhpl63 1698580185
AR d_filp_flop_regwce_muser_riscv16bit behavioral /home/ise/NTUST_FPGA/RISCV16bit/RISCV16bit.vhf sub00/vhpl73 1698580153
EN mux16bit8to1_muser_riscv16bit NULL /home/ise/NTUST_FPGA/RISCV16bit/RISCV16bit.vhf sub01/vhpl118 1698580150
AR pc_circuitry_muser_riscv16bit behavioral /home/ise/NTUST_FPGA/RISCV16bit/RISCV16bit.vhf sub00/vhpl93 1698580159
AR test_decoder behavioral /home/ise/NTUST_FPGA/RISCV16bit/test_decoder.vhf sub01/vhpl195 1698580309
EN mem256x16_muser_riscv16bit NULL /home/ise/NTUST_FPGA/RISCV16bit/RISCV16bit.vhf sub00/vhpl70 1698580190
AR demux2to1_muser_riscv16bit behavioral /home/ise/NTUST_FPGA/RISCV16bit/RISCV16bit.vhf sub00/vhpl51 1698580173
EN mux8to1_2 NULL /home/ise/NTUST_FPGA/RISCV16bit/mux8to1_2.vhf sub02/vhpl272 1698580396
EN m2_1e_mxilinx_riscv16bit NULL /home/ise/NTUST_FPGA/RISCV16bit/RISCV16bit.vhf sub00/vhpl56 1698580178
AR mux4bit3to1_muser_riscv16bit behavioral /home/ise/NTUST_FPGA/RISCV16bit/RISCV16bit.vhf sub01/vhpl105 1698580217
EN or9_mxilinx_riscv16bit NULL /home/ise/NTUST_FPGA/RISCV16bit/RISCV16bit.vhf sub00/vhpl44 1698580166
AR mux4x4bit8to1_muser_riscv16bit behavioral /home/ise/NTUST_FPGA/RISCV16bit/RISCV16bit.vhf sub00/vhpl65 1698580187
AR branchdetech behavioral /home/ise/NTUST_FPGA/RISCV16bit/Branchdetech.vhf sub01/vhpl127 1698580233
EN d2_4e_mxilinx_decoder16bit4to8 NULL /home/ise/NTUST_FPGA/RISCV16bit/decoder16bit4to8.vhf sub00/vhpl10 1698313980
AR bitmask behavioral /home/ise/NTUST_FPGA/RISCV16bit/bitmask.vhf sub00/vhpl37 1698580231
EN m2_1_mxilinx_mux16bit2to1 NULL /home/ise/NTUST_FPGA/RISCV16bit/mux16bit2to1.vhf sub01/vhpl164 1698580278
AR decoder4to8_muser_decoder16bit4to8 behavioral /home/ise/NTUST_FPGA/RISCV16bit/decoder16bit4to8.vhf sub00/vhpl13 1698313983
EN mem256x16 NULL /home/ise/NTUST_FPGA/RISCV16bit/Mem256X16.vhf sub01/vhpl162 1698580276
AR decoder_3t08_muser_regfile behavioral /home/ise/NTUST_FPGA/RISCV16bit/regfile.vhf sub01/vhpl183 1698580297
EN m2_1_mxilinx_mux4bit3to1 NULL /home/ise/NTUST_FPGA/RISCV16bit/mux4bit3to1.vhf sub02/vhpl214 1698580336
AR mux8to1_muser_mux16bit8to1 behavioral /home/ise/NTUST_FPGA/RISCV16bit/mux16bit8to1.vhf sub02/vhpl207 1698580325
AR mux3to1_muser_mux4bit3to1 behavioral /home/ise/NTUST_FPGA/RISCV16bit/mux4bit3to1.vhf sub02/vhpl217 1698580339
AR m2_1_mxilinx_mux16bit2to1 behavioral /home/ise/NTUST_FPGA/RISCV16bit/mux16bit2to1.vhf sub01/vhpl165 1698580279
AR nand16_mxilinx_riscv16bit behavioral /home/ise/NTUST_FPGA/RISCV16bit/RISCV16bit.vhf sub01/vhpl109 1698580221
EN m2_1e_mxilinx_mux8to1_2 NULL /home/ise/NTUST_FPGA/RISCV16bit/mux8to1_2.vhf sub02/vhpl268 1698580392
EN mux4bit8to1_muser_mem256x16 NULL /home/ise/NTUST_FPGA/RISCV16bit/Mem256X16.vhf sub01/vhpl154 1698580268
AR d2_4e_mxilinx_decoder4x4to8 behavioral /home/ise/NTUST_FPGA/RISCV16bit/decoder4X4to8.vhf sub00/vhpl19 1698314039
AR d_filp_flop_regwce_muser_regfile behavioral /home/ise/NTUST_FPGA/RISCV16bit/regfile.vhf sub01/vhpl191 1698580305
AR ram32x16s_muser_riscv16bit behavioral /home/ise/NTUST_FPGA/RISCV16bit/RISCV16bit.vhf sub00/vhpl69 1698580189
EN mux8to1_2_muser_riscv16bit NULL /home/ise/NTUST_FPGA/RISCV16bit/RISCV16bit.vhf sub00/vhpl60 1698580182
EN two_complement16bitadder_muser_riscv16bit NULL /home/ise/NTUST_FPGA/RISCV16bit/RISCV16bit.vhf sub01/vhpl110 1698580222
EN extend NULL /home/ise/NTUST_FPGA/RISCV16bit/extend.vhf sub00/vhpl04 1698580250
AR ram32x16s behavioral /home/ise/NTUST_FPGA/RISCV16bit/RAM32X16S.vhf sub02/vhpl233 1698580355
AR fulladder_muser_riscv16bit behavioral /home/ise/NTUST_FPGA/RISCV16bit/RISCV16bit.vhf sub00/vhpl79 1698580197
AR m2_1_mxilinx_mem256x16 behavioral /home/ise/NTUST_FPGA/RISCV16bit/Mem256X16.vhf sub01/vhpl147 1698580261
EN branchdetech_muser_riscv16bit NULL /home/ise/NTUST_FPGA/RISCV16bit/RISCV16bit.vhf sub00/vhpl42 1698580164
EN test_decoder NULL /home/ise/NTUST_FPGA/RISCV16bit/test_decoder.vhf sub01/vhpl194 1698580308
EN m4_1e_mxilinx_riscv16bit NULL /home/ise/NTUST_FPGA/RISCV16bit/RISCV16bit.vhf sub00/vhpl58 1698580180
EN m2_1e_mxilinx_mem256x16 NULL /home/ise/NTUST_FPGA/RISCV16bit/Mem256X16.vhf sub01/vhpl148 1698580262
AR fd16re_mxilinx_pc_circuitry behavioral /home/ise/NTUST_FPGA/RISCV16bit/PC_Circuitry.vhf sub01/vhpl179 1698580293
AR mux3to1_muser_mux16bit3to1 behavioral /home/ise/NTUST_FPGA/RISCV16bit/mux16bit3to1.vhf sub01/vhpl173 1698580287
AR two_complement16bitadder_muser_riscv16bit behavioral /home/ise/NTUST_FPGA/RISCV16bit/RISCV16bit.vhf sub01/vhpl111 1698580223
EN leftshift0_muser_riscv16bit NULL /home/ise/NTUST_FPGA/RISCV16bit/RISCV16bit.vhf sub00/vhpl94 1698580206
EN mux3bit2to1_muser_extend NULL /home/ise/NTUST_FPGA/RISCV16bit/extend.vhf sub00/vhpl02 1698580248
AR m2_1_mxilinx_mux4bit3to1 behavioral /home/ise/NTUST_FPGA/RISCV16bit/mux4bit3to1.vhf sub02/vhpl215 1698580337
EN m2_1_mxilinx_mux3to1 NULL /home/ise/NTUST_FPGA/RISCV16bit/mux3to1.vhf sub02/vhpl246 1698580370
EN m4_1e_mxilinx_mux4bit8to1 NULL /home/ise/NTUST_FPGA/RISCV16bit/mux4bit8to1.vhf sub02/vhpl254 1698580378
EN fulladder_muser_two_complement16bitadder NULL /home/ise/NTUST_FPGA/RISCV16bit/two_complement16bitadder.vhf sub02/vhpl234 1698580356
EN or8_mxilinx_riscv16bit NULL /home/ise/NTUST_FPGA/RISCV16bit/RISCV16bit.vhf sub01/vhpl114 1698580146
EN demux4bit2to1 NULL /home/ise/NTUST_FPGA/RISCV16bit/demux4bit2to1.vhf sub02/vhpl200 1698580314
EN ram32x16s_muser_mem256x16 NULL /home/ise/NTUST_FPGA/RISCV16bit/Mem256X16.vhf sub01/vhpl160 1698580274
EN encoder4to2 NULL /home/ise/NTUST_FPGA/RISCV16bit/encoder4to2.vhf sub00/vhpl32 1698580364
AR m2_1_mxilinx_mux4x4bit8to1 behavioral /home/ise/NTUST_FPGA/RISCV16bit/mux4X4bit8to1.vhf sub02/vhpl221 1698580343
EN fulladder_muser_riscv16bit NULL /home/ise/NTUST_FPGA/RISCV16bit/RISCV16bit.vhf sub00/vhpl78 1698580196
EN mux4x4bit8to1_muser_mem256x16 NULL /home/ise/NTUST_FPGA/RISCV16bit/Mem256X16.vhf sub01/vhpl156 1698580270
EN pc_circuitry_muser_riscv16bit NULL /home/ise/NTUST_FPGA/RISCV16bit/RISCV16bit.vhf sub00/vhpl92 1698580158
AR mux4bit2to1 behavioral /home/ise/NTUST_FPGA/RISCV16bit/mux4bit2to1.vhf sub02/vhpl213 1698580335
AR leftshift0_muser_riscv16bit behavioral /home/ise/NTUST_FPGA/RISCV16bit/RISCV16bit.vhf sub00/vhpl95 1698580207
EN m2_1_mxilinx_riscv16bit NULL /home/ise/NTUST_FPGA/RISCV16bit/RISCV16bit.vhf sub00/vhpl38 1698580162
AR fulladder behavioral /home/ise/NTUST_FPGA/RISCV16bit/fulladder.vhf sub02/vhpl265 1698580389
AR mux8to1_muser_riscv16bit behavioral /home/ise/NTUST_FPGA/RISCV16bit/RISCV16bit.vhf sub01/vhpl117 1698580149
EN demux16bit2to1 NULL /home/ise/NTUST_FPGA/RISCV16bit/demux16bit2to1.vhf sub01/vhpl132 1698580238
AR mux3bit2to1 behavioral /home/ise/NTUST_FPGA/RISCV16bit/mux3bit2to1.vhf sub00/vhpl09 1698580331
AR m2_1e_mxilinx_mux4x4bit8to1 behavioral /home/ise/NTUST_FPGA/RISCV16bit/mux4X4bit8to1.vhf sub02/vhpl223 1698580345
EN main_decoder NULL /home/ise/NTUST_FPGA/RISCV16bit/main_decoder.vhf sub01/vhpl144 1698580258
EN encoder16to8_muser_riscv16bit NULL /home/ise/NTUST_FPGA/RISCV16bit/RISCV16bit.vhf sub00/vhpl88 1698580204
AR bitmask_muser_riscv16bit behavioral /home/ise/NTUST_FPGA/RISCV16bit/RISCV16bit.vhf sub00/vhpl83 1698580161
AR mem256x16 behavioral /home/ise/NTUST_FPGA/RISCV16bit/Mem256X16.vhf sub01/vhpl163 1698580277
AR decoder4to8_muser_decoder4x4to8 behavioral /home/ise/NTUST_FPGA/RISCV16bit/decoder4X4to8.vhf sub00/vhpl21 1698314041
AR m4_1e_mxilinx_mux4bit8to1 behavioral /home/ise/NTUST_FPGA/RISCV16bit/mux4bit8to1.vhf sub02/vhpl255 1698580379
AR mux4bit8to1_muser_mux4x4bit8to1 behavioral /home/ise/NTUST_FPGA/RISCV16bit/mux4X4bit8to1.vhf sub02/vhpl229 1698580351
AR mux3to1_muser_riscv16bit behavioral /home/ise/NTUST_FPGA/RISCV16bit/RISCV16bit.vhf sub01/vhpl103 1698580215
AR mux4bit2to1_muser_riscv16bit behavioral /home/ise/NTUST_FPGA/RISCV16bit/RISCV16bit.vhf sub00/vhpl75 1698580193
AR main_decoder behavioral /home/ise/NTUST_FPGA/RISCV16bit/main_decoder.vhf sub01/vhpl145 1698580259
EN encoder8to4_muser_encoder16to8 NULL /home/ise/NTUST_FPGA/RISCV16bit/encoder16to8.vhf sub01/vhpl136 1698580242
AR extend_muser_riscv16bit behavioral /home/ise/NTUST_FPGA/RISCV16bit/RISCV16bit.vhf sub01/vhpl101 1698580213
AR decoder_3t08 behavioral /home/ise/NTUST_FPGA/RISCV16bit/decoder_3t08.vhf sub01/vhpl197 1698580311
AR encoder8to4 behavioral /home/ise/NTUST_FPGA/RISCV16bit/encoder8to4.vhf sub00/vhpl31 1698580321
EN alu_muser_riscv16bit NULL /home/ise/NTUST_FPGA/RISCV16bit/RISCV16bit.vhf sub01/vhpl112 1698580224
EN demux4bit2to1_muser_demux16bit2to1 NULL /home/ise/NTUST_FPGA/RISCV16bit/demux16bit2to1.vhf sub01/vhpl130 1698580236
EN m4_1e_mxilinx_mux8to1_2 NULL /home/ise/NTUST_FPGA/RISCV16bit/mux8to1_2.vhf sub02/vhpl270 1698580394
EN d_filp_flop_regwce_muser_regfile NULL /home/ise/NTUST_FPGA/RISCV16bit/regfile.vhf sub01/vhpl190 1698580304
EN mux4bit2to1_muser_riscv16bit NULL /home/ise/NTUST_FPGA/RISCV16bit/RISCV16bit.vhf sub00/vhpl74 1698580192
EN m4_1e_mxilinx_mem256x16 NULL /home/ise/NTUST_FPGA/RISCV16bit/Mem256X16.vhf sub01/vhpl150 1698580264
EN encoder4to2_muser_riscv16bit NULL /home/ise/NTUST_FPGA/RISCV16bit/RISCV16bit.vhf sub00/vhpl84 1698580200
EN or8_mxilinx_mux8to1 NULL /home/ise/NTUST_FPGA/RISCV16bit/mux8to1.vhf sub02/vhpl260 1698580384
AR riscv16bit behavioral /home/ise/NTUST_FPGA/RISCV16bit/RISCV16bit.vhf sub01/vhpl123 1698580227
AR mux3to1 behavioral /home/ise/NTUST_FPGA/RISCV16bit/mux3to1.vhf sub02/vhpl249 1698580373
AR m4_1e_mxilinx_mem256x16 behavioral /home/ise/NTUST_FPGA/RISCV16bit/Mem256X16.vhf sub01/vhpl151 1698580265
EN or9_mxilinx_main_decoder NULL /home/ise/NTUST_FPGA/RISCV16bit/main_decoder.vhf sub01/vhpl142 1698580256
AR fulladder_muser_two_complement16bitadder behavioral /home/ise/NTUST_FPGA/RISCV16bit/two_complement16bitadder.vhf sub02/vhpl235 1698580357
AR mux16bit2to1 behavioral /home/ise/NTUST_FPGA/RISCV16bit/mux16bit2to1.vhf sub01/vhpl169 1698580283
EN encoder4to2_muser_encoder16to8 NULL /home/ise/NTUST_FPGA/RISCV16bit/encoder16to8.vhf sub01/vhpl134 1698580240
EN alu_decoder NULL /home/ise/NTUST_FPGA/RISCV16bit/ALU_decoder.vhf sub01/vhpl124 1698580228
EN m2_1_mxilinx_mux4x4bit8to1 NULL /home/ise/NTUST_FPGA/RISCV16bit/mux4X4bit8to1.vhf sub02/vhpl220 1698580342
AR d2_4e_mxilinx_decoder16bit4to8 behavioral /home/ise/NTUST_FPGA/RISCV16bit/decoder16bit4to8.vhf sub00/vhpl11 1698313981
EN d2_4e_mxilinx_decoder4x4to8 NULL /home/ise/NTUST_FPGA/RISCV16bit/decoder4X4to8.vhf sub00/vhpl18 1698314038
EN two_complement16bitadder NULL /home/ise/NTUST_FPGA/RISCV16bit/two_complement16bitadder.vhf sub02/vhpl238 1698580360
AR d2_4e_mxilinx_decoder4to8 behavioral /home/ise/NTUST_FPGA/RISCV16bit/decoder4to8.vhf sub00/vhpl25 1698314045
AR encoder4to2_muser_encoder8to4 behavioral /home/ise/NTUST_FPGA/RISCV16bit/encoder8to4.vhf sub00/vhpl29 1698580319
AR mux4bit8to1 behavioral /home/ise/NTUST_FPGA/RISCV16bit/mux4bit8to1.vhf sub02/vhpl259 1698580383
EN m2_1_mxilinx_mux16bit3to1 NULL /home/ise/NTUST_FPGA/RISCV16bit/mux16bit3to1.vhf sub01/vhpl170 1698580284
EN mux3to1_muser_mux16bit3to1 NULL /home/ise/NTUST_FPGA/RISCV16bit/mux16bit3to1.vhf sub01/vhpl172 1698580286
EN leftshift1bit NULL /home/ise/NTUST_FPGA/RISCV16bit/leftshift1bit.vhf sub01/vhpl140 1698580254
EN encoder8to4_muser_riscv16bit NULL /home/ise/NTUST_FPGA/RISCV16bit/RISCV16bit.vhf sub00/vhpl86 1698580202
EN mux8to1 NULL /home/ise/NTUST_FPGA/RISCV16bit/mux8to1.vhf sub02/vhpl262 1698580386
AR m2_1e_mxilinx_mem256x16 behavioral /home/ise/NTUST_FPGA/RISCV16bit/Mem256X16.vhf sub01/vhpl149 1698580263
AR m2_1_mxilinx_extend behavioral /home/ise/NTUST_FPGA/RISCV16bit/extend.vhf sub00/vhpl01 1698580247
AR leftshift1bit behavioral /home/ise/NTUST_FPGA/RISCV16bit/leftshift1bit.vhf sub01/vhpl141 1698580255
AR test_decoder_muser_riscv16bit behavioral /home/ise/NTUST_FPGA/RISCV16bit/RISCV16bit.vhf sub00/vhpl41 1698580143
EN branchdetech NULL /home/ise/NTUST_FPGA/RISCV16bit/Branchdetech.vhf sub01/vhpl126 1698580232
EN alu_decoder_muser_riscv16bit NULL /home/ise/NTUST_FPGA/RISCV16bit/RISCV16bit.vhf sub00/vhpl96 1698580208
EN demux2to1_muser_riscv16bit NULL /home/ise/NTUST_FPGA/RISCV16bit/RISCV16bit.vhf sub00/vhpl50 1698580172
EN mux16bit2to1_muser_riscv16bit NULL /home/ise/NTUST_FPGA/RISCV16bit/RISCV16bit.vhf sub00/vhpl76 1698580194
EN encoder8to4 NULL /home/ise/NTUST_FPGA/RISCV16bit/encoder8to4.vhf sub00/vhpl30 1698580320
AR mux3bit2to1_muser_extend behavioral /home/ise/NTUST_FPGA/RISCV16bit/extend.vhf sub00/vhpl03 1698580249
