--------------------------------------------------------------------------------
Release 14.7 Trace  (lin64)
Copyright (c) 1995-2013 Xilinx, Inc.  All rights reserved.

/opt/Xilinx/14.7/ISE_DS/ISE/bin/lin64/unwrapped/trce -intstyle ise -v 3 -s 4 -n
3 -fastpaths -xml fulladder16bit.twx fulladder16bit.ncd -o fulladder16bit.twr
fulladder16bit.pcf

Design file:              fulladder16bit.ncd
Physical constraint file: fulladder16bit.pcf
Device,package,speed:     xc3s100e,cp132,-4 (PRODUCTION 1.27 2013-10-13)
Report level:             verbose report

Environment Variable      Effect 
--------------------      ------ 
NONE                      No environment variables were set
--------------------------------------------------------------------------------

INFO:Timing:2698 - No timing constraints found, doing default enumeration.
INFO:Timing:3412 - To improve timing, see the Timing Closure User Guide (UG612).
INFO:Timing:2752 - To get complete path coverage, use the unconstrained paths 
   option. All paths that are not constrained will be reported in the 
   unconstrained paths section(s) of the report.
INFO:Timing:3339 - The clock-to-out numbers in this timing report are based on 
   a 50 Ohm transmission line loading model.  For the details of this model, 
   and for more information on accounting for different loading conditions, 
   please see the device datasheet.
INFO:Timing:3390 - This architecture does not support a default System Jitter 
   value, please add SYSTEM_JITTER constraint to the UCF to modify the Clock 
   Uncertainty calculation.
INFO:Timing:3389 - This architecture does not support 'Discrete Jitter' and 
   'Phase Error' calculations, these terms will be zero in the Clock 
   Uncertainty calculation.  Please make appropriate modification to 
   SYSTEM_JITTER to account for the unsupported Discrete Jitter and Phase 
   Error.



Data Sheet report:
-----------------
All values displayed in nanoseconds (ns)

Pad to Pad
---------------+---------------+---------+
Source Pad     |Destination Pad|  Delay  |
---------------+---------------+---------+
A<0>           |S<0>           |    7.865|
A<0>           |S<1>           |    7.831|
A<0>           |S<2>           |    9.568|
A<0>           |S<3>           |   10.940|
A<0>           |S<4>           |   11.234|
A<0>           |S<5>           |   12.305|
A<0>           |S<6>           |   13.345|
A<0>           |S<7>           |   14.875|
A<0>           |S<8>           |   15.888|
A<0>           |S<9>           |   16.803|
A<0>           |S<10>          |   17.803|
A<0>           |S<11>          |   18.923|
A<0>           |S<12>          |   20.220|
A<0>           |S<13>          |   21.237|
A<0>           |S<14>          |   22.401|
A<0>           |S<15>          |   23.805|
A<0>           |cout           |   24.239|
A<1>           |S<1>           |    8.884|
A<1>           |S<2>           |    8.150|
A<1>           |S<3>           |   10.749|
A<1>           |S<4>           |   11.043|
A<1>           |S<5>           |   12.114|
A<1>           |S<6>           |   13.154|
A<1>           |S<7>           |   14.684|
A<1>           |S<8>           |   15.697|
A<1>           |S<9>           |   16.612|
A<1>           |S<10>          |   17.612|
A<1>           |S<11>          |   18.732|
A<1>           |S<12>          |   20.029|
A<1>           |S<13>          |   21.046|
A<1>           |S<14>          |   22.210|
A<1>           |S<15>          |   23.614|
A<1>           |cout           |   24.048|
A<2>           |S<2>           |    8.920|
A<2>           |S<3>           |    8.147|
A<2>           |S<4>           |    9.565|
A<2>           |S<5>           |   10.636|
A<2>           |S<6>           |   11.676|
A<2>           |S<7>           |   13.206|
A<2>           |S<8>           |   14.219|
A<2>           |S<9>           |   15.134|
A<2>           |S<10>          |   16.134|
A<2>           |S<11>          |   17.254|
A<2>           |S<12>          |   18.551|
A<2>           |S<13>          |   19.568|
A<2>           |S<14>          |   20.732|
A<2>           |S<15>          |   22.136|
A<2>           |cout           |   22.570|
A<3>           |S<3>           |    9.705|
A<3>           |S<4>           |    8.557|
A<3>           |S<5>           |    9.857|
A<3>           |S<6>           |   10.897|
A<3>           |S<7>           |   12.427|
A<3>           |S<8>           |   13.440|
A<3>           |S<9>           |   14.355|
A<3>           |S<10>          |   15.355|
A<3>           |S<11>          |   16.475|
A<3>           |S<12>          |   17.772|
A<3>           |S<13>          |   18.789|
A<3>           |S<14>          |   19.953|
A<3>           |S<15>          |   21.357|
A<3>           |cout           |   21.791|
A<4>           |S<4>           |   10.599|
A<4>           |S<5>           |    8.575|
A<4>           |S<6>           |   10.066|
A<4>           |S<7>           |   11.596|
A<4>           |S<8>           |   12.609|
A<4>           |S<9>           |   13.524|
A<4>           |S<10>          |   14.524|
A<4>           |S<11>          |   15.644|
A<4>           |S<12>          |   16.941|
A<4>           |S<13>          |   17.958|
A<4>           |S<14>          |   19.122|
A<4>           |S<15>          |   20.526|
A<4>           |cout           |   20.960|
A<5>           |S<5>           |    8.492|
A<5>           |S<6>           |    7.689|
A<5>           |S<7>           |    9.908|
A<5>           |S<8>           |   10.921|
A<5>           |S<9>           |   11.836|
A<5>           |S<10>          |   12.836|
A<5>           |S<11>          |   13.956|
A<5>           |S<12>          |   15.253|
A<5>           |S<13>          |   16.270|
A<5>           |S<14>          |   17.434|
A<5>           |S<15>          |   18.838|
A<5>           |cout           |   19.272|
A<6>           |S<6>           |    9.658|
A<6>           |S<7>           |    8.162|
A<6>           |S<8>           |    9.456|
A<6>           |S<9>           |   10.371|
A<6>           |S<10>          |   11.371|
A<6>           |S<11>          |   12.491|
A<6>           |S<12>          |   13.788|
A<6>           |S<13>          |   14.805|
A<6>           |S<14>          |   15.969|
A<6>           |S<15>          |   17.373|
A<6>           |cout           |   17.807|
A<7>           |S<7>           |    8.046|
A<7>           |S<8>           |    7.825|
A<7>           |S<9>           |    9.333|
A<7>           |S<10>          |   10.333|
A<7>           |S<11>          |   11.453|
A<7>           |S<12>          |   12.750|
A<7>           |S<13>          |   13.767|
A<7>           |S<14>          |   14.931|
A<7>           |S<15>          |   16.335|
A<7>           |cout           |   16.769|
A<8>           |S<8>           |    8.660|
A<8>           |S<9>           |    7.344|
A<8>           |S<10>          |    8.422|
A<8>           |S<11>          |    9.542|
A<8>           |S<12>          |   10.839|
A<8>           |S<13>          |   11.856|
A<8>           |S<14>          |   13.020|
A<8>           |S<15>          |   14.424|
A<8>           |cout           |   14.858|
A<9>           |S<9>           |    8.232|
A<9>           |S<10>          |    7.746|
A<9>           |S<11>          |    8.993|
A<9>           |S<12>          |   10.290|
A<9>           |S<13>          |   11.307|
A<9>           |S<14>          |   12.471|
A<9>           |S<15>          |   13.875|
A<9>           |cout           |   14.309|
A<10>          |S<10>          |    8.918|
A<10>          |S<11>          |    8.047|
A<10>          |S<12>          |    9.012|
A<10>          |S<13>          |   10.029|
A<10>          |S<14>          |   11.193|
A<10>          |S<15>          |   12.597|
A<10>          |cout           |   13.031|
A<11>          |S<11>          |    9.636|
A<11>          |S<12>          |    8.659|
A<11>          |S<13>          |    9.496|
A<11>          |S<14>          |   10.660|
A<11>          |S<15>          |   12.064|
A<11>          |cout           |   12.498|
A<12>          |S<12>          |    9.892|
A<12>          |S<13>          |    8.460|
A<12>          |S<14>          |    9.435|
A<12>          |S<15>          |   10.839|
A<12>          |cout           |   11.273|
A<13>          |S<13>          |    8.766|
A<13>          |S<14>          |    8.090|
A<13>          |S<15>          |    9.541|
A<13>          |cout           |    9.975|
A<14>          |S<14>          |   10.018|
A<14>          |S<15>          |    8.308|
A<14>          |cout           |    8.906|
A<15>          |S<15>          |    8.960|
A<15>          |cout           |    8.655|
B<0>           |S<0>           |    7.035|
B<0>           |S<1>           |    7.403|
B<0>           |S<2>           |    7.855|
B<0>           |S<3>           |    9.227|
B<0>           |S<4>           |    9.521|
B<0>           |S<5>           |   10.592|
B<0>           |S<6>           |   11.632|
B<0>           |S<7>           |   13.162|
B<0>           |S<8>           |   14.175|
B<0>           |S<9>           |   15.090|
B<0>           |S<10>          |   16.090|
B<0>           |S<11>          |   17.210|
B<0>           |S<12>          |   18.507|
B<0>           |S<13>          |   19.524|
B<0>           |S<14>          |   20.688|
B<0>           |S<15>          |   22.092|
B<0>           |cout           |   22.526|
B<1>           |S<1>           |    8.065|
B<1>           |S<2>           |    7.344|
B<1>           |S<3>           |    9.119|
B<1>           |S<4>           |    9.413|
B<1>           |S<5>           |   10.484|
B<1>           |S<6>           |   11.524|
B<1>           |S<7>           |   13.054|
B<1>           |S<8>           |   14.067|
B<1>           |S<9>           |   14.982|
B<1>           |S<10>          |   15.982|
B<1>           |S<11>          |   17.102|
B<1>           |S<12>          |   18.399|
B<1>           |S<13>          |   19.416|
B<1>           |S<14>          |   20.580|
B<1>           |S<15>          |   21.984|
B<1>           |cout           |   22.418|
B<2>           |S<2>           |    8.050|
B<2>           |S<3>           |    7.551|
B<2>           |S<4>           |    8.053|
B<2>           |S<5>           |    9.124|
B<2>           |S<6>           |   10.164|
B<2>           |S<7>           |   11.694|
B<2>           |S<8>           |   12.707|
B<2>           |S<9>           |   13.622|
B<2>           |S<10>          |   14.622|
B<2>           |S<11>          |   15.742|
B<2>           |S<12>          |   17.039|
B<2>           |S<13>          |   18.056|
B<2>           |S<14>          |   19.220|
B<2>           |S<15>          |   20.624|
B<2>           |cout           |   21.058|
B<3>           |S<3>           |    8.468|
B<3>           |S<4>           |    7.289|
B<3>           |S<5>           |    8.542|
B<3>           |S<6>           |    9.582|
B<3>           |S<7>           |   11.112|
B<3>           |S<8>           |   12.125|
B<3>           |S<9>           |   13.040|
B<3>           |S<10>          |   14.040|
B<3>           |S<11>          |   15.160|
B<3>           |S<12>          |   16.457|
B<3>           |S<13>          |   17.474|
B<3>           |S<14>          |   18.638|
B<3>           |S<15>          |   20.042|
B<3>           |cout           |   20.476|
B<4>           |S<4>           |    9.375|
B<4>           |S<5>           |    7.690|
B<4>           |S<6>           |    8.054|
B<4>           |S<7>           |    9.584|
B<4>           |S<8>           |   10.597|
B<4>           |S<9>           |   11.512|
B<4>           |S<10>          |   12.512|
B<4>           |S<11>          |   13.632|
B<4>           |S<12>          |   14.929|
B<4>           |S<13>          |   15.946|
B<4>           |S<14>          |   17.110|
B<4>           |S<15>          |   18.514|
B<4>           |cout           |   18.948|
B<5>           |S<5>           |    8.310|
B<5>           |S<6>           |    7.482|
B<5>           |S<7>           |    8.955|
B<5>           |S<8>           |    9.968|
B<5>           |S<9>           |   10.883|
B<5>           |S<10>          |   11.883|
B<5>           |S<11>          |   13.003|
B<5>           |S<12>          |   14.300|
B<5>           |S<13>          |   15.317|
B<5>           |S<14>          |   16.481|
B<5>           |S<15>          |   17.885|
B<5>           |cout           |   18.319|
B<6>           |S<6>           |    8.561|
B<6>           |S<7>           |    7.072|
B<6>           |S<8>           |    8.164|
B<6>           |S<9>           |    9.079|
B<6>           |S<10>          |   10.079|
B<6>           |S<11>          |   11.199|
B<6>           |S<12>          |   12.496|
B<6>           |S<13>          |   13.513|
B<6>           |S<14>          |   14.677|
B<6>           |S<15>          |   16.081|
B<6>           |cout           |   16.515|
B<7>           |S<7>           |    7.754|
B<7>           |S<8>           |    7.847|
B<7>           |S<9>           |    8.401|
B<7>           |S<10>          |    9.401|
B<7>           |S<11>          |   10.521|
B<7>           |S<12>          |   11.818|
B<7>           |S<13>          |   12.835|
B<7>           |S<14>          |   13.999|
B<7>           |S<15>          |   15.403|
B<7>           |cout           |   15.837|
B<8>           |S<8>           |    9.360|
B<8>           |S<9>           |    8.019|
B<8>           |S<10>          |    9.286|
B<8>           |S<11>          |   10.406|
B<8>           |S<12>          |   11.703|
B<8>           |S<13>          |   12.720|
B<8>           |S<14>          |   13.884|
B<8>           |S<15>          |   15.288|
B<8>           |cout           |   15.722|
B<9>           |S<9>           |    8.571|
B<9>           |S<10>          |    8.199|
B<9>           |S<11>          |    9.501|
B<9>           |S<12>          |   10.798|
B<9>           |S<13>          |   11.815|
B<9>           |S<14>          |   12.979|
B<9>           |S<15>          |   14.383|
B<9>           |cout           |   14.817|
B<10>          |S<10>          |    9.134|
B<10>          |S<11>          |    7.958|
B<10>          |S<12>          |    9.061|
B<10>          |S<13>          |   10.078|
B<10>          |S<14>          |   11.242|
B<10>          |S<15>          |   12.646|
B<10>          |cout           |   13.080|
B<11>          |S<11>          |    8.855|
B<11>          |S<12>          |    7.510|
B<11>          |S<13>          |    9.252|
B<11>          |S<14>          |   10.416|
B<11>          |S<15>          |   11.820|
B<11>          |cout           |   12.254|
B<12>          |S<12>          |    9.421|
B<12>          |S<13>          |    8.418|
B<12>          |S<14>          |    9.073|
B<12>          |S<15>          |   10.477|
B<12>          |cout           |   10.911|
B<13>          |S<13>          |    9.726|
B<13>          |S<14>          |    9.090|
B<13>          |S<15>          |   10.668|
B<13>          |cout           |   11.102|
B<14>          |S<14>          |   10.513|
B<14>          |S<15>          |    8.968|
B<14>          |cout           |    8.744|
B<15>          |S<15>          |    9.529|
B<15>          |cout           |    7.585|
cin            |S<0>           |    7.501|
cin            |S<1>           |    7.460|
cin            |S<2>           |    8.136|
cin            |S<3>           |    9.508|
cin            |S<4>           |    9.802|
cin            |S<5>           |   10.873|
cin            |S<6>           |   11.913|
cin            |S<7>           |   13.443|
cin            |S<8>           |   14.456|
cin            |S<9>           |   15.371|
cin            |S<10>          |   16.371|
cin            |S<11>          |   17.491|
cin            |S<12>          |   18.788|
cin            |S<13>          |   19.805|
cin            |S<14>          |   20.969|
cin            |S<15>          |   22.373|
cin            |cout           |   22.807|
---------------+---------------+---------+


Analysis completed Fri Oct 20 12:39:26 2023 
--------------------------------------------------------------------------------

Trace Settings:
-------------------------
Trace Settings 

Peak Memory Usage: 333 MB



