--------------------------------------------------------------------------------
Release 14.7 Trace  (lin64)
Copyright (c) 1995-2013 Xilinx, Inc.  All rights reserved.

/opt/Xilinx/14.7/ISE_DS/ISE/bin/lin64/unwrapped/trce -intstyle ise -v 3 -s 4 -n
3 -fastpaths -xml two_complement16bitadder.twx two_complement16bitadder.ncd -o
two_complement16bitadder.twr two_complement16bitadder.pcf

Design file:              two_complement16bitadder.ncd
Physical constraint file: two_complement16bitadder.pcf
Device,package,speed:     xc3s100e,cp132,-4 (PRODUCTION 1.27 2013-10-13)
Report level:             verbose report

Environment Variable      Effect 
--------------------      ------ 
NONE                      No environment variables were set
--------------------------------------------------------------------------------

INFO:Timing:2698 - No timing constraints found, doing default enumeration.
INFO:Timing:3412 - To improve timing, see the Timing Closure User Guide (UG612).
INFO:Timing:2752 - To get complete path coverage, use the unconstrained paths 
   option. All paths that are not constrained will be reported in the 
   unconstrained paths section(s) of the report.
INFO:Timing:3339 - The clock-to-out numbers in this timing report are based on 
   a 50 Ohm transmission line loading model.  For the details of this model, 
   and for more information on accounting for different loading conditions, 
   please see the device datasheet.
INFO:Timing:3390 - This architecture does not support a default System Jitter 
   value, please add SYSTEM_JITTER constraint to the UCF to modify the Clock 
   Uncertainty calculation.
INFO:Timing:3389 - This architecture does not support 'Discrete Jitter' and 
   'Phase Error' calculations, these terms will be zero in the Clock 
   Uncertainty calculation.  Please make appropriate modification to 
   SYSTEM_JITTER to account for the unsupported Discrete Jitter and Phase 
   Error.



Data Sheet report:
-----------------
All values displayed in nanoseconds (ns)

Pad to Pad
---------------+---------------+---------+
Source Pad     |Destination Pad|  Delay  |
---------------+---------------+---------+
A<0>           |S<0>           |    7.314|
A<0>           |S<1>           |    7.393|
A<0>           |S<2>           |    7.871|
A<0>           |S<3>           |    9.686|
A<0>           |S<4>           |   11.180|
A<0>           |S<5>           |   12.401|
A<0>           |S<6>           |   13.314|
A<0>           |S<7>           |   14.421|
A<0>           |S<8>           |   14.430|
A<0>           |S<9>           |   15.060|
A<0>           |S<10>          |   16.470|
A<0>           |S<11>          |   17.927|
A<0>           |S<12>          |   19.549|
A<0>           |S<13>          |   21.619|
A<0>           |S<14>          |   20.774|
A<0>           |S<15>          |   22.074|
A<0>           |cout           |   22.809|
A<1>           |S<1>           |    8.388|
A<1>           |S<2>           |    7.490|
A<1>           |S<3>           |    9.154|
A<1>           |S<4>           |   10.648|
A<1>           |S<5>           |   11.869|
A<1>           |S<6>           |   12.782|
A<1>           |S<7>           |   13.889|
A<1>           |S<8>           |   13.898|
A<1>           |S<9>           |   14.528|
A<1>           |S<10>          |   15.938|
A<1>           |S<11>          |   17.395|
A<1>           |S<12>          |   19.017|
A<1>           |S<13>          |   21.087|
A<1>           |S<14>          |   20.242|
A<1>           |S<15>          |   21.542|
A<1>           |cout           |   22.277|
A<2>           |S<2>           |    9.037|
A<2>           |S<3>           |    9.471|
A<2>           |S<4>           |   10.965|
A<2>           |S<5>           |   12.186|
A<2>           |S<6>           |   13.099|
A<2>           |S<7>           |   14.206|
A<2>           |S<8>           |   14.215|
A<2>           |S<9>           |   14.845|
A<2>           |S<10>          |   16.255|
A<2>           |S<11>          |   17.712|
A<2>           |S<12>          |   19.334|
A<2>           |S<13>          |   21.404|
A<2>           |S<14>          |   20.559|
A<2>           |S<15>          |   21.859|
A<2>           |cout           |   22.594|
A<3>           |S<3>           |    7.048|
A<3>           |S<4>           |    9.532|
A<3>           |S<5>           |   10.753|
A<3>           |S<6>           |   11.666|
A<3>           |S<7>           |   12.773|
A<3>           |S<8>           |   12.782|
A<3>           |S<9>           |   13.412|
A<3>           |S<10>          |   14.822|
A<3>           |S<11>          |   16.279|
A<3>           |S<12>          |   17.901|
A<3>           |S<13>          |   19.971|
A<3>           |S<14>          |   19.126|
A<3>           |S<15>          |   20.426|
A<3>           |cout           |   21.161|
A<4>           |S<4>           |    7.855|
A<4>           |S<5>           |   10.435|
A<4>           |S<6>           |   11.348|
A<4>           |S<7>           |   12.455|
A<4>           |S<8>           |   12.464|
A<4>           |S<9>           |   13.094|
A<4>           |S<10>          |   14.504|
A<4>           |S<11>          |   15.961|
A<4>           |S<12>          |   17.583|
A<4>           |S<13>          |   19.653|
A<4>           |S<14>          |   18.808|
A<4>           |S<15>          |   20.108|
A<4>           |cout           |   20.843|
A<5>           |S<5>           |    8.158|
A<5>           |S<6>           |   11.681|
A<5>           |S<7>           |   12.788|
A<5>           |S<8>           |   12.797|
A<5>           |S<9>           |   13.427|
A<5>           |S<10>          |   14.837|
A<5>           |S<11>          |   16.294|
A<5>           |S<12>          |   17.916|
A<5>           |S<13>          |   19.986|
A<5>           |S<14>          |   19.141|
A<5>           |S<15>          |   20.441|
A<5>           |cout           |   21.176|
A<6>           |S<6>           |    8.502|
A<6>           |S<7>           |    9.621|
A<6>           |S<8>           |    9.630|
A<6>           |S<9>           |   10.260|
A<6>           |S<10>          |   11.670|
A<6>           |S<11>          |   13.127|
A<6>           |S<12>          |   14.749|
A<6>           |S<13>          |   16.819|
A<6>           |S<14>          |   15.974|
A<6>           |S<15>          |   17.274|
A<6>           |cout           |   18.009|
A<7>           |S<7>           |    7.303|
A<7>           |S<8>           |    7.272|
A<7>           |S<9>           |    9.425|
A<7>           |S<10>          |   10.835|
A<7>           |S<11>          |   12.292|
A<7>           |S<12>          |   13.914|
A<7>           |S<13>          |   15.984|
A<7>           |S<14>          |   15.139|
A<7>           |S<15>          |   16.439|
A<7>           |cout           |   17.174|
A<8>           |S<8>           |    8.311|
A<8>           |S<9>           |    7.245|
A<8>           |S<10>          |    8.632|
A<8>           |S<11>          |   10.089|
A<8>           |S<12>          |   11.711|
A<8>           |S<13>          |   13.781|
A<8>           |S<14>          |   12.936|
A<8>           |S<15>          |   14.236|
A<8>           |cout           |   14.971|
A<9>           |S<9>           |    8.812|
A<9>           |S<10>          |    8.572|
A<9>           |S<11>          |   10.060|
A<9>           |S<12>          |   11.682|
A<9>           |S<13>          |   13.752|
A<9>           |S<14>          |   12.907|
A<9>           |S<15>          |   14.207|
A<9>           |cout           |   14.942|
A<10>          |S<10>          |    9.071|
A<10>          |S<11>          |    8.548|
A<10>          |S<12>          |    9.949|
A<10>          |S<13>          |   12.019|
A<10>          |S<14>          |   11.174|
A<10>          |S<15>          |   12.474|
A<10>          |cout           |   13.209|
A<11>          |S<11>          |    9.804|
A<11>          |S<12>          |    8.339|
A<11>          |S<13>          |   11.597|
A<11>          |S<14>          |   10.752|
A<11>          |S<15>          |   12.052|
A<11>          |cout           |   12.787|
A<12>          |S<12>          |    9.468|
A<12>          |S<13>          |    9.937|
A<12>          |S<14>          |    9.092|
A<12>          |S<15>          |   10.392|
A<12>          |cout           |   11.127|
A<13>          |S<13>          |    7.634|
A<13>          |S<14>          |    6.784|
A<13>          |S<15>          |    8.737|
A<13>          |cout           |    9.472|
A<14>          |S<14>          |    9.035|
A<14>          |S<15>          |    7.607|
A<14>          |cout           |    8.834|
A<15>          |S<15>          |    8.675|
A<15>          |cout           |    6.921|
B<0>           |S<0>           |    8.465|
B<0>           |S<1>           |    8.649|
B<0>           |S<2>           |    9.202|
B<0>           |S<3>           |   11.017|
B<0>           |S<4>           |   12.511|
B<0>           |S<5>           |   13.732|
B<0>           |S<6>           |   14.645|
B<0>           |S<7>           |   15.752|
B<0>           |S<8>           |   15.761|
B<0>           |S<9>           |   16.391|
B<0>           |S<10>          |   17.801|
B<0>           |S<11>          |   19.258|
B<0>           |S<12>          |   20.880|
B<0>           |S<13>          |   22.950|
B<0>           |S<14>          |   22.105|
B<0>           |S<15>          |   23.405|
B<0>           |cout           |   24.140|
B<1>           |S<1>           |    8.955|
B<1>           |S<2>           |    8.770|
B<1>           |S<3>           |   10.144|
B<1>           |S<4>           |   11.638|
B<1>           |S<5>           |   12.859|
B<1>           |S<6>           |   13.772|
B<1>           |S<7>           |   14.879|
B<1>           |S<8>           |   14.888|
B<1>           |S<9>           |   15.518|
B<1>           |S<10>          |   16.928|
B<1>           |S<11>          |   18.385|
B<1>           |S<12>          |   20.007|
B<1>           |S<13>          |   22.077|
B<1>           |S<14>          |   21.232|
B<1>           |S<15>          |   22.532|
B<1>           |cout           |   23.267|
B<2>           |S<2>           |   10.366|
B<2>           |S<3>           |   10.905|
B<2>           |S<4>           |   12.399|
B<2>           |S<5>           |   13.620|
B<2>           |S<6>           |   14.533|
B<2>           |S<7>           |   15.640|
B<2>           |S<8>           |   15.649|
B<2>           |S<9>           |   16.279|
B<2>           |S<10>          |   17.689|
B<2>           |S<11>          |   19.146|
B<2>           |S<12>          |   20.768|
B<2>           |S<13>          |   22.838|
B<2>           |S<14>          |   21.993|
B<2>           |S<15>          |   23.293|
B<2>           |cout           |   24.028|
B<3>           |S<3>           |    8.830|
B<3>           |S<4>           |   11.283|
B<3>           |S<5>           |   12.504|
B<3>           |S<6>           |   13.417|
B<3>           |S<7>           |   14.524|
B<3>           |S<8>           |   14.533|
B<3>           |S<9>           |   15.163|
B<3>           |S<10>          |   16.573|
B<3>           |S<11>          |   18.030|
B<3>           |S<12>          |   19.652|
B<3>           |S<13>          |   21.722|
B<3>           |S<14>          |   20.877|
B<3>           |S<15>          |   22.177|
B<3>           |cout           |   22.912|
B<4>           |S<4>           |    9.156|
B<4>           |S<5>           |   11.774|
B<4>           |S<6>           |   12.687|
B<4>           |S<7>           |   13.794|
B<4>           |S<8>           |   13.803|
B<4>           |S<9>           |   14.433|
B<4>           |S<10>          |   15.843|
B<4>           |S<11>          |   17.300|
B<4>           |S<12>          |   18.922|
B<4>           |S<13>          |   20.992|
B<4>           |S<14>          |   20.147|
B<4>           |S<15>          |   21.447|
B<4>           |cout           |   22.182|
B<5>           |S<5>           |    8.545|
B<5>           |S<6>           |   11.770|
B<5>           |S<7>           |   12.877|
B<5>           |S<8>           |   12.886|
B<5>           |S<9>           |   13.516|
B<5>           |S<10>          |   14.926|
B<5>           |S<11>          |   16.383|
B<5>           |S<12>          |   18.005|
B<5>           |S<13>          |   20.075|
B<5>           |S<14>          |   19.230|
B<5>           |S<15>          |   20.530|
B<5>           |cout           |   21.265|
B<6>           |S<6>           |    8.319|
B<6>           |S<7>           |   10.001|
B<6>           |S<8>           |   10.010|
B<6>           |S<9>           |   10.640|
B<6>           |S<10>          |   12.050|
B<6>           |S<11>          |   13.507|
B<6>           |S<12>          |   15.129|
B<6>           |S<13>          |   17.199|
B<6>           |S<14>          |   16.354|
B<6>           |S<15>          |   17.654|
B<6>           |cout           |   18.389|
B<7>           |S<7>           |    7.470|
B<7>           |S<8>           |    8.349|
B<7>           |S<9>           |    9.643|
B<7>           |S<10>          |   11.053|
B<7>           |S<11>          |   12.510|
B<7>           |S<12>          |   14.132|
B<7>           |S<13>          |   16.202|
B<7>           |S<14>          |   15.357|
B<7>           |S<15>          |   16.657|
B<7>           |cout           |   17.392|
B<8>           |S<8>           |    8.665|
B<8>           |S<9>           |    8.032|
B<8>           |S<10>          |    8.810|
B<8>           |S<11>          |   10.267|
B<8>           |S<12>          |   11.889|
B<8>           |S<13>          |   13.959|
B<8>           |S<14>          |   13.114|
B<8>           |S<15>          |   14.414|
B<8>           |cout           |   15.149|
B<9>           |S<9>           |    8.082|
B<9>           |S<10>          |    9.491|
B<9>           |S<11>          |    9.584|
B<9>           |S<12>          |   11.206|
B<9>           |S<13>          |   13.276|
B<9>           |S<14>          |   12.431|
B<9>           |S<15>          |   13.731|
B<9>           |cout           |   14.466|
B<10>          |S<10>          |    8.318|
B<10>          |S<11>          |    9.216|
B<10>          |S<12>          |    9.456|
B<10>          |S<13>          |   11.526|
B<10>          |S<14>          |   10.681|
B<10>          |S<15>          |   11.981|
B<10>          |cout           |   12.716|
B<11>          |S<11>          |    8.954|
B<11>          |S<12>          |    9.544|
B<11>          |S<13>          |   10.747|
B<11>          |S<14>          |    9.902|
B<11>          |S<15>          |   11.202|
B<11>          |cout           |   11.937|
B<12>          |S<12>          |   10.219|
B<12>          |S<13>          |   10.860|
B<12>          |S<14>          |   10.015|
B<12>          |S<15>          |   11.315|
B<12>          |cout           |   12.050|
B<13>          |S<13>          |    8.111|
B<13>          |S<14>          |    8.316|
B<13>          |S<15>          |    8.978|
B<13>          |cout           |    9.713|
B<14>          |S<14>          |    8.593|
B<14>          |S<15>          |    9.225|
B<14>          |cout           |    8.361|
B<15>          |S<15>          |    9.988|
B<15>          |cout           |    8.224|
M              |S<1>           |    8.699|
M              |S<2>           |    9.606|
M              |S<3>           |   11.297|
M              |S<4>           |   13.640|
M              |S<5>           |   14.861|
M              |S<6>           |   15.774|
M              |S<7>           |   16.881|
M              |S<8>           |   16.890|
M              |S<9>           |   17.520|
M              |S<10>          |   18.930|
M              |S<11>          |   20.387|
M              |S<12>          |   22.009|
M              |S<13>          |   24.079|
M              |S<14>          |   23.234|
M              |S<15>          |   24.534|
M              |cout           |   25.269|
---------------+---------------+---------+


Analysis completed Sat Oct 21 03:27:29 2023 
--------------------------------------------------------------------------------

Trace Settings:
-------------------------
Trace Settings 

Peak Memory Usage: 333 MB



