AR mux8to1_muser_regfile behavioral /home/ise/NTUST_FPGA/Eight-Register_Register_File/regfile.vhf sub00/vhpl03 1697804350
EN decoder_3t08_muser_regfile NULL /home/ise/NTUST_FPGA/Eight-Register_Register_File/regfile.vhf sub00/vhpl24 1697804345
EN or8_mxilinx_regfile NULL /home/ise/NTUST_FPGA/Eight-Register_Register_File/regfile.vhf sub00/vhpl00 1697804347
EN m2_1e_mxilinx_mux8to1_2 NULL /home/ise/NTUST_FPGA/Eight-Register_Register_File/mux8to1_2.vhf sub00/vhpl44 1697856536
AR m2_1e_mxilinx_mux4x4bit8to1 behavioral /home/ise/NTUST_FPGA/Eight-Register_Register_File/mux4X4bit8to1.vhf sub00/vhpl61 1697856515
AR mux8to1_muser_mux4x4bit8to1 behavioral /home/ise/NTUST_FPGA/Eight-Register_Register_File/mux4X4bit8to1.vhf sub00/vhpl31 1697823168
AR m2_1e_mxilinx_mux4bit8to1 behavioral /home/ise/NTUST_FPGA/Eight-Register_Register_File/mux4bit8to1.vhf sub00/vhpl53 1697856527
AR or8_mxilinx_mux4x4bit8to1 behavioral /home/ise/NTUST_FPGA/Eight-Register_Register_File/mux4X4bit8to1.vhf sub00/vhpl29 1697823166
AR mux8to1_muser_mux16bit8to1 behavioral /home/ise/NTUST_FPGA/Eight-Register_Register_File/mux16bit8to1.vhf sub00/vhpl17 1697819849
AR mux16bit8to1 behavioral /home/ise/NTUST_FPGA/Eight-Register_Register_File/mux16bit8to1.vhf sub00/vhpl19 1697819851
EN mux8to1_muser_mux4x4bit8to1 NULL /home/ise/NTUST_FPGA/Eight-Register_Register_File/mux4X4bit8to1.vhf sub00/vhpl30 1697823167
EN m2_1_mxilinx_mux4x4bit8to1 NULL /home/ise/NTUST_FPGA/Eight-Register_Register_File/mux4X4bit8to1.vhf sub00/vhpl58 1697856512
AR mux4bit8to1_muser_mux4x4bit8to1 behavioral /home/ise/NTUST_FPGA/Eight-Register_Register_File/mux4X4bit8to1.vhf sub00/vhpl33 1697856521
AR or8_mxilinx_mux4bit8to1 behavioral /home/ise/NTUST_FPGA/Eight-Register_Register_File/mux4bit8to1.vhf sub00/vhpl37 1697823174
AR m2_1_mxilinx_mux4bit8to1 behavioral /home/ise/NTUST_FPGA/Eight-Register_Register_File/mux4bit8to1.vhf sub00/vhpl51 1697856525
EN mux16bit8to1 NULL /home/ise/NTUST_FPGA/Eight-Register_Register_File/mux16bit8to1.vhf sub00/vhpl18 1697819850
EN or8_mxilinx_mux16bit8to1 NULL /home/ise/NTUST_FPGA/Eight-Register_Register_File/mux16bit8to1.vhf sub00/vhpl14 1697819846
EN mux8to1_muser_mux16bit8to1 NULL /home/ise/NTUST_FPGA/Eight-Register_Register_File/mux16bit8to1.vhf sub00/vhpl16 1697819848
EN mux8to1_2 NULL /home/ise/NTUST_FPGA/Eight-Register_Register_File/mux8to1_2.vhf sub00/vhpl48 1697856540
EN regfile NULL /home/ise/NTUST_FPGA/Eight-Register_Register_File/regfile.vhf sub00/vhpl10 1697804355
AR m2_1_mxilinx_mux4x4bit8to1 behavioral /home/ise/NTUST_FPGA/Eight-Register_Register_File/mux4X4bit8to1.vhf sub00/vhpl59 1697856513
AR or8_mxilinx_mux16bit8to1 behavioral /home/ise/NTUST_FPGA/Eight-Register_Register_File/mux16bit8to1.vhf sub00/vhpl15 1697819847
EN mux8to1_2_muser_mux4bit8to1 NULL /home/ise/NTUST_FPGA/Eight-Register_Register_File/mux4bit8to1.vhf sub00/vhpl56 1697856530
EN decoder_3t08 NULL /home/ise/NTUST_FPGA/Eight-Register_Register_File/decoder_3t08.vhf sub00/vhpl26 1697804357
AR decoder_3to8_muser_regfile behavioral /home/ise/NTUST_FPGA/Eight-Register_Register_File/regfile.vhf sub00/vhpl09 1697771043
AR m2_1_mxilinx_mux8to1_2 behavioral /home/ise/NTUST_FPGA/Eight-Register_Register_File/mux8to1_2.vhf sub00/vhpl43 1697856535
EN d_filp_flop_regwce_muser_regfile NULL /home/ise/NTUST_FPGA/Eight-Register_Register_File/regfile.vhf sub00/vhpl06 1697804353
AR m4_1e_mxilinx_mux8to1_2 behavioral /home/ise/NTUST_FPGA/Eight-Register_Register_File/mux8to1_2.vhf sub00/vhpl47 1697856539
AR d_filp_flop_regwce_muser_regfile behavioral /home/ise/NTUST_FPGA/Eight-Register_Register_File/regfile.vhf sub00/vhpl07 1697804354
AR d_filp_flop_regwce behavioral /home/ise/NTUST_FPGA/Eight-Register_Register_File/D_filp_flop_regwce.vhf sub00/vhpl13 1697804360
AR mux8to1_2_muser_mux4bit8to1 behavioral /home/ise/NTUST_FPGA/Eight-Register_Register_File/mux4bit8to1.vhf sub00/vhpl57 1697856531
AR m4_1e_mxilinx_mux4bit8to1 behavioral /home/ise/NTUST_FPGA/Eight-Register_Register_File/mux4bit8to1.vhf sub00/vhpl55 1697856529
EN m4_1e_mxilinx_mux4bit8to1 NULL /home/ise/NTUST_FPGA/Eight-Register_Register_File/mux4bit8to1.vhf sub00/vhpl54 1697856528
EN decoder_3to8_muser_regfile NULL /home/ise/NTUST_FPGA/Eight-Register_Register_File/regfile.vhf sub00/vhpl08 1697771042
AR mux8to1_muser_mux4bit8to1 behavioral /home/ise/NTUST_FPGA/Eight-Register_Register_File/mux4bit8to1.vhf sub00/vhpl39 1697823176
EN mux4x4bit8to1 NULL /home/ise/NTUST_FPGA/Eight-Register_Register_File/mux4X4bit8to1.vhf sub00/vhpl34 1697856522
AR mux4x4bit8to1 behavioral /home/ise/NTUST_FPGA/Eight-Register_Register_File/mux4X4bit8to1.vhf sub00/vhpl35 1697856523
EN m2_1_mxilinx_mux4bit8to1 NULL /home/ise/NTUST_FPGA/Eight-Register_Register_File/mux4bit8to1.vhf sub00/vhpl50 1697856524
EN mux8to1_muser_regfile NULL /home/ise/NTUST_FPGA/Eight-Register_Register_File/regfile.vhf sub00/vhpl02 1697804349
AR mux8to1_2 behavioral /home/ise/NTUST_FPGA/Eight-Register_Register_File/mux8to1_2.vhf sub00/vhpl49 1697856541
EN mux16bit8to1_muser_regfile NULL /home/ise/NTUST_FPGA/Eight-Register_Register_File/regfile.vhf sub00/vhpl04 1697804351
AR decoder_3t08_muser_regfile behavioral /home/ise/NTUST_FPGA/Eight-Register_Register_File/regfile.vhf sub00/vhpl25 1697804346
EN or8_mxilinx_mux4x4bit8to1 NULL /home/ise/NTUST_FPGA/Eight-Register_Register_File/mux4X4bit8to1.vhf sub00/vhpl28 1697823165
AR mux16bit8to1_muser_regfile behavioral /home/ise/NTUST_FPGA/Eight-Register_Register_File/regfile.vhf sub00/vhpl05 1697804352
EN m2_1e_mxilinx_mux4x4bit8to1 NULL /home/ise/NTUST_FPGA/Eight-Register_Register_File/mux4X4bit8to1.vhf sub00/vhpl60 1697856514
AR m4_1e_mxilinx_mux4x4bit8to1 behavioral /home/ise/NTUST_FPGA/Eight-Register_Register_File/mux4X4bit8to1.vhf sub00/vhpl63 1697856517
EN mux4bit8to1_muser_mux4x4bit8to1 NULL /home/ise/NTUST_FPGA/Eight-Register_Register_File/mux4X4bit8to1.vhf sub00/vhpl32 1697856520
EN m2_1e_mxilinx_mux4bit8to1 NULL /home/ise/NTUST_FPGA/Eight-Register_Register_File/mux4bit8to1.vhf sub00/vhpl52 1697856526
EN mux8to1_muser_mux4bit8to1 NULL /home/ise/NTUST_FPGA/Eight-Register_Register_File/mux4bit8to1.vhf sub00/vhpl38 1697823175
EN or8_mxilinx_mux4bit8to1 NULL /home/ise/NTUST_FPGA/Eight-Register_Register_File/mux4bit8to1.vhf sub00/vhpl36 1697823173
EN mux8to1_2_muser_mux4x4bit8to1 NULL /home/ise/NTUST_FPGA/Eight-Register_Register_File/mux4X4bit8to1.vhf sub00/vhpl64 1697856518
EN or8_mxilinx_mux8to1 NULL /home/ise/NTUST_FPGA/Eight-Register_Register_File/mux8to1.vhf sub00/vhpl20 1697823179
EN m4_1e_mxilinx_mux8to1_2 NULL /home/ise/NTUST_FPGA/Eight-Register_Register_File/mux8to1_2.vhf sub00/vhpl46 1697856538
EN m4_1e_mxilinx_mux4x4bit8to1 NULL /home/ise/NTUST_FPGA/Eight-Register_Register_File/mux4X4bit8to1.vhf sub00/vhpl62 1697856516
AR mux4bit8to1 behavioral /home/ise/NTUST_FPGA/Eight-Register_Register_File/mux4bit8to1.vhf sub00/vhpl41 1697856533
EN d_filp_flop_regwce NULL /home/ise/NTUST_FPGA/Eight-Register_Register_File/D_filp_flop_regwce.vhf sub00/vhpl12 1697804359
EN m2_1_mxilinx_mux8to1_2 NULL /home/ise/NTUST_FPGA/Eight-Register_Register_File/mux8to1_2.vhf sub00/vhpl42 1697856534
AR or8_mxilinx_regfile behavioral /home/ise/NTUST_FPGA/Eight-Register_Register_File/regfile.vhf sub00/vhpl01 1697804348
AR or8_mxilinx_mux8to1 behavioral /home/ise/NTUST_FPGA/Eight-Register_Register_File/mux8to1.vhf sub00/vhpl21 1697823180
EN mux8to1 NULL /home/ise/NTUST_FPGA/Eight-Register_Register_File/mux8to1.vhf sub00/vhpl22 1697823181
AR m2_1e_mxilinx_mux8to1_2 behavioral /home/ise/NTUST_FPGA/Eight-Register_Register_File/mux8to1_2.vhf sub00/vhpl45 1697856537
AR mux8to1_2_muser_mux4x4bit8to1 behavioral /home/ise/NTUST_FPGA/Eight-Register_Register_File/mux4X4bit8to1.vhf sub00/vhpl65 1697856519
AR decoder_3t08 behavioral /home/ise/NTUST_FPGA/Eight-Register_Register_File/decoder_3t08.vhf sub00/vhpl27 1697804358
EN mux4bit8to1 NULL /home/ise/NTUST_FPGA/Eight-Register_Register_File/mux4bit8to1.vhf sub00/vhpl40 1697856532
AR regfile behavioral /home/ise/NTUST_FPGA/Eight-Register_Register_File/regfile.vhf sub00/vhpl11 1697804356
AR mux8to1 behavioral /home/ise/NTUST_FPGA/Eight-Register_Register_File/mux8to1.vhf sub00/vhpl23 1697823182
