Release 14.7 - xst P.20131013 (lin64)
Copyright (c) 1995-2013 Xilinx, Inc.  All rights reserved.
--> 
Parameter TMPDIR set to xst/projnav.tmp


Total REAL time to Xst completion: 0.00 secs
Total CPU time to Xst completion: 0.01 secs
 
--> 
Parameter xsthdpdir set to xst


Total REAL time to Xst completion: 0.00 secs
Total CPU time to Xst completion: 0.01 secs
 
--> 
Reading design: extend.prj

TABLE OF CONTENTS
  1) Synthesis Options Summary
  2) HDL Compilation
  3) Design Hierarchy Analysis
  4) HDL Analysis
  5) HDL Synthesis
     5.1) HDL Synthesis Report
  6) Advanced HDL Synthesis
     6.1) Advanced HDL Synthesis Report
  7) Low Level Synthesis
  8) Partition Report
  9) Final Report
	9.1) Device utilization summary
	9.2) Partition Resource Summary
	9.3) TIMING REPORT


=========================================================================
*                      Synthesis Options Summary                        *
=========================================================================
---- Source Parameters
Input File Name                    : "extend.prj"
Input Format                       : mixed
Ignore Synthesis Constraint File   : NO

---- Target Parameters
Output File Name                   : "extend"
Output Format                      : NGC
Target Device                      : xc3s100e-4-cp132

---- Source Options
Top Module Name                    : extend
Automatic FSM Extraction           : YES
FSM Encoding Algorithm             : Auto
Safe Implementation                : No
FSM Style                          : LUT
RAM Extraction                     : Yes
RAM Style                          : Auto
ROM Extraction                     : Yes
Mux Style                          : Auto
Decoder Extraction                 : YES
Priority Encoder Extraction        : Yes
Shift Register Extraction          : YES
Logical Shifter Extraction         : YES
XOR Collapsing                     : YES
ROM Style                          : Auto
Mux Extraction                     : Yes
Resource Sharing                   : YES
Asynchronous To Synchronous        : NO
Multiplier Style                   : Auto
Automatic Register Balancing       : No

---- Target Options
Add IO Buffers                     : YES
Global Maximum Fanout              : 100000
Add Generic Clock Buffer(BUFG)     : 24
Register Duplication               : YES
Slice Packing                      : YES
Optimize Instantiated Primitives   : NO
Use Clock Enable                   : Yes
Use Synchronous Set                : Yes
Use Synchronous Reset              : Yes
Pack IO Registers into IOBs        : Auto
Equivalent register Removal        : YES

---- General Options
Optimization Goal                  : Speed
Optimization Effort                : 1
Keep Hierarchy                     : No
Netlist Hierarchy                  : As_Optimized
RTL Output                         : Yes
Global Optimization                : AllClockNets
Read Cores                         : YES
Write Timing Constraints           : NO
Cross Clock Analysis               : NO
Hierarchy Separator                : /
Bus Delimiter                      : <>
Case Specifier                     : Maintain
Slice Utilization Ratio            : 100
BRAM Utilization Ratio             : 100
Verilog 2001                       : YES
Auto BRAM Packing                  : NO
Slice Utilization Ratio Delta      : 5

=========================================================================


=========================================================================
*                          HDL Compilation                              *
=========================================================================
Compiling vhdl file "/home/ise/NTUST_FPGA/RISCV16bit/extend.vhf" in Library work.
WARNING:HDLParsers:3530 - Time stamp of file "/home/ise/NTUST_FPGA/RISCV16bit/extend.vhf" is newer than current system time.
Entity <M2_1_MXILINX_extend> compiled.
Entity <M2_1_MXILINX_extend> (Architecture <BEHAVIORAL>) compiled.
Entity <mux3bit2to1_MUSER_extend> compiled.
Entity <mux3bit2to1_MUSER_extend> (Architecture <BEHAVIORAL>) compiled.
Entity <extend> compiled.
Entity <extend> (Architecture <BEHAVIORAL>) compiled.
Compiling vhdl file "/home/ise/NTUST_FPGA/RISCV16bit/mux3bit2to1.vhf" in Library work.
WARNING:HDLParsers:3530 - Time stamp of file "/home/ise/NTUST_FPGA/RISCV16bit/mux3bit2to1.vhf" is newer than current system time.
Entity <M2_1_MXILINX_mux3bit2to1> compiled.
Entity <M2_1_MXILINX_mux3bit2to1> (Architecture <BEHAVIORAL>) compiled.
Entity <mux3bit2to1> compiled.
Entity <mux3bit2to1> (Architecture <BEHAVIORAL>) compiled.

=========================================================================
*                     Design Hierarchy Analysis                         *
=========================================================================
Analyzing hierarchy for entity <extend> in library <work> (architecture <BEHAVIORAL>).

Analyzing hierarchy for entity <M2_1_MXILINX_extend> in library <work> (architecture <BEHAVIORAL>).

Analyzing hierarchy for entity <mux3bit2to1_MUSER_extend> in library <work> (architecture <BEHAVIORAL>).

Analyzing hierarchy for entity <M2_1_MXILINX_extend> in library <work> (architecture <BEHAVIORAL>).


=========================================================================
*                            HDL Analysis                               *
=========================================================================
Analyzing Entity <extend> in library <work> (Architecture <BEHAVIORAL>).
    Set user-defined property "HU_SET =  XLXI_1_6" for instance <XLXI_1> in unit <extend>.
Entity <extend> analyzed. Unit <extend> generated.

Analyzing Entity <M2_1_MXILINX_extend> in library <work> (Architecture <BEHAVIORAL>).
Entity <M2_1_MXILINX_extend> analyzed. Unit <M2_1_MXILINX_extend> generated.

Analyzing Entity <mux3bit2to1_MUSER_extend> in library <work> (Architecture <BEHAVIORAL>).
    Set user-defined property "HU_SET =  XLXI_1_3" for instance <XLXI_1> in unit <mux3bit2to1_MUSER_extend>.
    Set user-defined property "HU_SET =  XLXI_2_4" for instance <XLXI_2> in unit <mux3bit2to1_MUSER_extend>.
    Set user-defined property "HU_SET =  XLXI_3_5" for instance <XLXI_3> in unit <mux3bit2to1_MUSER_extend>.
Entity <mux3bit2to1_MUSER_extend> analyzed. Unit <mux3bit2to1_MUSER_extend> generated.


=========================================================================
*                           HDL Synthesis                               *
=========================================================================

Performing bidirectional port resolution...

Synthesizing Unit <M2_1_MXILINX_extend>.
    Related source file is "/home/ise/NTUST_FPGA/RISCV16bit/extend.vhf".
Unit <M2_1_MXILINX_extend> synthesized.


Synthesizing Unit <mux3bit2to1_MUSER_extend>.
    Related source file is "/home/ise/NTUST_FPGA/RISCV16bit/extend.vhf".
Unit <mux3bit2to1_MUSER_extend> synthesized.


Synthesizing Unit <extend>.
    Related source file is "/home/ise/NTUST_FPGA/RISCV16bit/extend.vhf".
WARNING:Xst:653 - Signal <XLXN_79> is used but never assigned. This sourceless signal will be automatically connected to value 0.
Unit <extend> synthesized.


=========================================================================
HDL Synthesis Report

Found no macro
=========================================================================

=========================================================================
*                       Advanced HDL Synthesis                          *
=========================================================================


=========================================================================
Advanced HDL Synthesis Report

Found no macro
=========================================================================

=========================================================================
*                         Low Level Synthesis                           *
=========================================================================

Optimizing unit <extend> ...

Optimizing unit <M2_1_MXILINX_extend> ...

Mapping all equations...
Building and optimizing final netlist ...
Found area constraint ratio of 100 (+ 5) on block extend, actual ratio is 0.

Final Macro Processing ...

=========================================================================
Final Register Report

Found no macro
=========================================================================

=========================================================================
*                           Partition Report                            *
=========================================================================

Partition Implementation Status
-------------------------------

  No Partitions were found in this design.

-------------------------------

=========================================================================
*                            Final Report                               *
=========================================================================
Final Results
RTL Top Level Output File Name     : extend.ngr
Top Level Output File Name         : extend
Output Format                      : NGC
Optimization Goal                  : Speed
Keep Hierarchy                     : No

Design Statistics
# IOs                              : 25

Cell Usage :
# BELS                             : 29
#      AND2                        : 4
#      AND2B1                      : 4
#      BUF                         : 16
#      GND                         : 1
#      OR2                         : 4
# IO Buffers                       : 25
#      IBUF                        : 9
#      OBUF                        : 16
=========================================================================

Device utilization summary:
---------------------------

Selected Device : 3s100ecp132-4 

 Number of Slices:                        0  out of    960     0%  
 Number of IOs:                          25
 Number of bonded IOBs:                  25  out of     83    30%  

---------------------------
Partition Resource Summary:
---------------------------

  No Partitions were found in this design.

---------------------------


=========================================================================
TIMING REPORT

NOTE: THESE TIMING NUMBERS ARE ONLY A SYNTHESIS ESTIMATE.
      FOR ACCURATE TIMING INFORMATION PLEASE REFER TO THE TRACE REPORT
      GENERATED AFTER PLACE-and-ROUTE.

Clock Information:
------------------
No clock signals found in this design

Asynchronous Control Signals Information:
----------------------------------------
No asynchronous control signals found in this design

Timing Summary:
---------------
Speed Grade: -4

   Minimum period: No path found
   Minimum input arrival time before clock: No path found
   Maximum output required time after clock: No path found
   Maximum combinational path delay: 8.832ns

Timing Detail:
--------------
All values displayed in nanoseconds (ns)

=========================================================================
Timing constraint: Default path analysis
  Total number of paths / destination ports: 43 / 16
-------------------------------------------------------------------------
Delay:               8.832ns (Levels of Logic = 6)
  Source:            instr<4> (PAD)
  Destination:       extended<15> (PAD)

  Data Path: instr<4> to extended<15>
                                Gate     Net
    Cell:in->out      fanout   Delay   Delay  Logical Name (Net Name)
    ----------------------------------------  ------------
     IBUF:I->O             5   1.218   0.633  instr_4_IBUF (instr_4_IBUF)
     begin scope: 'XLXI_1'
     AND2B1:I1->O          1   0.704   0.420  I_36_7 (M0)
     OR2:I1->O             8   0.704   0.757  I_36_8 (O)
     end scope: 'XLXI_1'
     BUF:I->O              1   0.704   0.420  XLXI_5 (extended_15_OBUF)
     OBUF:I->O                 3.272          extended_15_OBUF (extended<15>)
    ----------------------------------------
    Total                      8.832ns (6.602ns logic, 2.230ns route)
                                       (74.8% logic, 25.2% route)

=========================================================================


Total REAL time to Xst completion: 2.00 secs
Total CPU time to Xst completion: 0.75 secs
 
--> 


Total memory usage is 618972 kilobytes

Number of errors   :    0 (   0 filtered)
Number of warnings :    3 (   0 filtered)
Number of infos    :    0 (   0 filtered)

